[2J[001;001H[=3h[2J[001;001H[2J[001;001H[8;042;160t[2J[001;001H[2J[001;001H[8;056;240t[2J[001;001HEFI stub: Loaded initrd from LINUX_EFI_INITRD_MEDIA_GUID device path
[    0.000000][    T0] Linux version 6.12.0-160000.8-default (geeko@buildhost) (gcc-13 (SUSE Linux) 13.4.0, GNU ld (GNU Binutils; SUSE Linux 16) 2.45.0.20251103-1600001) #1 SMP PREEMPT_DYNAMIC Thu Dec 11 09:18:13 UTC 2025 (5d31a95)
[    0.000000][    T0] Command line: initrd=initrd cdroot root=live:CDLABEL=COS_LIVE rd.live.dir=/ rd.live.ram=1 rd.live.squashimg=rootfs.squashfs console=ttyS1 rd.cos.disable net.ifnames=1 harvester.install.mode=install harvester.install.device=/dev/vda harvester.install.automatic=true harvester.install.powerOff=true harvester.os.password=rancher harvester.scheme_version=1 harvester.install.persistentPartitionSize=150Gi harvester.install.skipchecks=true
[    0.000000][    T0] BIOS-provided physical RAM map:
[    0.000000][    T0] BIOS-e820: [mem 0x0000000000000000-0x000000000009ffff] usable
[    0.000000][    T0] BIOS-e820: [mem 0x0000000000100000-0x00000000007fffff] usable
[    0.000000][    T0] BIOS-e820: [mem 0x0000000000800000-0x0000000000807fff] ACPI NVS
[    0.000000][    T0] BIOS-e820: [mem 0x0000000000808000-0x000000000080afff] usable
[    0.000000][    T0] BIOS-e820: [mem 0x000000000080b000-0x000000000080bfff] ACPI NVS
[    0.000000][    T0] BIOS-e820: [mem 0x000000000080c000-0x0000000000810fff] usable
[    0.000000][    T0] BIOS-e820: [mem 0x0000000000811000-0x00000000008fffff] ACPI NVS
[    0.000000][    T0] BIOS-e820: [mem 0x0000000000900000-0x000000007e8ebfff] usable
[    0.000000][    T0] BIOS-e820: [mem 0x000000007e8ec000-0x000000007e9fffff] reserved
[    0.000000][    T0] BIOS-e820: [mem 0x000000007ea00000-0x000000007ec58fff] usable
[    0.000000][    T0] BIOS-e820: [mem 0x000000007ec59000-0x000000007ec5cfff] reserved
[    0.000000][    T0] BIOS-e820: [mem 0x000000007ec5d000-0x000000007ec90fff] usable
[    0.000000][    T0] BIOS-e820: [mem 0x000000007ec91000-0x000000007ec94fff] reserved
[    0.000000][    T0] BIOS-e820: [mem 0x000000007ec95000-0x000000007eca2fff] usable
[    0.000000][    T0] BIOS-e820: [mem 0x000000007eca3000-0x000000007eca8fff] reserved
[    0.000000][    T0] BIOS-e820: [mem 0x000000007eca9000-0x000000007f1a8fff] usable
[    0.000000][    T0] BIOS-e820: [mem 0x000000007f1a9000-0x000000007f1acfff] reserved
[    0.000000][    T0] BIOS-e820: [mem 0x000000007f1ad000-0x000000007f8ecfff] usable
[    0.000000][    T0] BIOS-e820: [mem 0x000000007f8ed000-0x000000007fb6cfff] reserved
[    0.000000][    T0] BIOS-e820: [mem 0x000000007fb6d000-0x000000007fb7efff] ACPI data
[    0.000000][    T0] BIOS-e820: [mem 0x000000007fb7f000-0x000000007fbfefff] ACPI NVS
[    0.000000][    T0] BIOS-e820: [mem 0x000000007fbff000-0x000000007fee1fff] usable
[    0.000000][    T0] BIOS-e820: [mem 0x000000007fee2000-0x000000007fee5fff] reserved
[    0.000000][    T0] BIOS-e820: [mem 0x000000007fee6000-0x000000007fee7fff] ACPI NVS
[    0.000000][    T0] BIOS-e820: [mem 0x000000007fee8000-0x000000007ff3ffff] usable
[    0.000000][    T0] BIOS-e820: [mem 0x000000007ff40000-0x000000007ff5ffff] reserved
[    0.000000][    T0] BIOS-e820: [mem 0x000000007ff60000-0x000000007fffffff] ACPI NVS
[    0.000000][    T0] BIOS-e820: [mem 0x00000000e0000000-0x00000000efffffff] reserved
[    0.000000][    T0] BIOS-e820: [mem 0x00000000feffc000-0x00000000feffffff] reserved
[    0.000000][    T0] BIOS-e820: [mem 0x00000000ffe00000-0x00000000ffffffff] reserved
[    0.000000][    T0] BIOS-e820: [mem 0x0000000100000000-0x000000027fffffff] usable
[    0.000000][    T0] BIOS-e820: [mem 0x000000fd00000000-0x000000ffffffffff] reserved
[    0.000000][    T0] NX (Execute Disable) protection: active
[    0.000000][    T0] APIC: Static calls initialized
[    0.000000][    T0] extended physical RAM map:
[    0.000000][    T0] reserve setup_data: [mem 0x0000000000000000-0x000000000009ffff] usable
[    0.000000][    T0] reserve setup_data: [mem 0x0000000000100000-0x00000000007fffff] usable
[    0.000000][    T0] reserve setup_data: [mem 0x0000000000800000-0x0000000000807fff] ACPI NVS
[    0.000000][    T0] reserve setup_data: [mem 0x0000000000808000-0x000000000080afff] usable
[    0.000000][    T0] reserve setup_data: [mem 0x000000000080b000-0x000000000080bfff] ACPI NVS
[    0.000000][    T0] reserve setup_data: [mem 0x000000000080c000-0x0000000000810fff] usable
[    0.000000][    T0] reserve setup_data: [mem 0x0000000000811000-0x00000000008fffff] ACPI NVS
[    0.000000][    T0] reserve setup_data: [mem 0x0000000000900000-0x000000007d6ff017] usable
[    0.000000][    T0] reserve setup_data: [mem 0x000000007d6ff018-0x000000007d708a57] usable
[    0.000000][    T0] reserve setup_data: [mem 0x000000007d708a58-0x000000007e8ebfff] usable
[    0.000000][    T0] reserve setup_data: [mem 0x000000007e8ec000-0x000000007e9fffff] reserved
[    0.000000][    T0] reserve setup_data: [mem 0x000000007ea00000-0x000000007ec58fff] usable
[    0.000000][    T0] reserve setup_data: [mem 0x000000007ec59000-0x000000007ec5cfff] reserved
[    0.000000][    T0] reserve setup_data: [mem 0x000000007ec5d000-0x000000007ec90fff] usable
[    0.000000][    T0] reserve setup_data: [mem 0x000000007ec91000-0x000000007ec94fff] reserved
[    0.000000][    T0] reserve setup_data: [mem 0x000000007ec95000-0x000000007eca2fff] usable
[    0.000000][    T0] reserve setup_data: [mem 0x000000007eca3000-0x000000007eca8fff] reserved
[    0.000000][    T0] reserve setup_data: [mem 0x000000007eca9000-0x000000007f1a8fff] usable
[    0.000000][    T0] reserve setup_data: [mem 0x000000007f1a9000-0x000000007f1acfff] reserved
[    0.000000][    T0] reserve setup_data: [mem 0x000000007f1ad000-0x000000007f8ecfff] usable
[    0.000000][    T0] reserve setup_data: [mem 0x000000007f8ed000-0x000000007fb6cfff] reserved
[    0.000000][    T0] reserve setup_data: [mem 0x000000007fb6d000-0x000000007fb7efff] ACPI data
[    0.000000][    T0] reserve setup_data: [mem 0x000000007fb7f000-0x000000007fbfefff] ACPI NVS
[    0.000000][    T0] reserve setup_data: [mem 0x000000007fbff000-0x000000007fee1fff] usable
[    0.000000][    T0] reserve setup_data: [mem 0x000000007fee2000-0x000000007fee5fff] reserved
[    0.000000][    T0] reserve setup_data: [mem 0x000000007fee6000-0x000000007fee7fff] ACPI NVS
[    0.000000][    T0] reserve setup_data: [mem 0x000000007fee8000-0x000000007ff3ffff] usable
[    0.000000][    T0] reserve setup_data: [mem 0x000000007ff40000-0x000000007ff5ffff] reserved
[    0.000000][    T0] reserve setup_data: [mem 0x000000007ff60000-0x000000007fffffff] ACPI NVS
[    0.000000][    T0] reserve setup_data: [mem 0x00000000e0000000-0x00000000efffffff] reserved
[    0.000000][    T0] reserve setup_data: [mem 0x00000000feffc000-0x00000000feffffff] reserved
[    0.000000][    T0] reserve setup_data: [mem 0x00000000ffe00000-0x00000000ffffffff] reserved
[    0.000000][    T0] reserve setup_data: [mem 0x0000000100000000-0x000000027fffffff] usable
[    0.000000][    T0] reserve setup_data: [mem 0x000000fd00000000-0x000000ffffffffff] reserved
[    0.000000][    T0] efi: EFI v2.7 by EDK II
[    0.000000][    T0] efi: SMBIOS=0x7f995000 ACPI=0x7fb7e000 ACPI 2.0=0x7fb7e014 MEMATTR=0x7d76e018 INITRD=0x7d754f98 RNG=0x7fb73018 
[    0.000000][    T0] random: crng init done
[    0.000000][    T0] efi: Remove mem124: MMIO range=[0xffe00000-0xffffffff] (2MB) from e820 map
[    0.000000][    T0] secureboot: Secure boot disabled
[    0.000000][    T0] SMBIOS 2.8 present.
[    0.000000][    T0] DMI: QEMU Standard PC (Q35 + ICH9, 2009), BIOS unknown 02/02/2022
[    0.000000][    T0] DMI: Memory slots populated: 1/1
[    0.000000][    T0] Hypervisor detected: KVM
[    0.000000][    T0] kvm-clock: Using msrs 4b564d01 and 4b564d00
[    0.000000][    T0] kvm-clock: using sched offset of 918350233 cycles
[    0.000002][    T0] clocksource: kvm-clock: mask: 0xffffffffffffffff max_cycles: 0x1cd42e4dffb, max_idle_ns: 881590591483 ns
[    0.000005][    T0] tsc: Detected 2295.686 MHz processor
[    0.000110][    T0] last_pfn = 0x280000 max_arch_pfn = 0x400000000
[    0.000136][    T0] MTRR map: 4 entries (2 fixed + 2 variable; max 18), built from 8 variable MTRRs
[    0.000139][    T0] x86/PAT: Configuration [0-7]: WB  WC  UC- UC  WB  WP  UC- WT  
[    0.000176][    T0] last_pfn = 0x7ff40 max_arch_pfn = 0x400000000
[    0.003276][    T0] Using GB pages for direct mapping
[    0.004294][    T0] RAMDISK: [mem 0x6e460000-0x74a2cfff]
[    0.004299][    T0] ACPI: Early table checksum verification disabled
[    0.004302][    T0] ACPI: RSDP 0x000000007FB7E014 000024 (v02 BOCHS )
[    0.004305][    T0] ACPI: XSDT 0x000000007FB7D0E8 000054 (v01 BOCHS  BXPC     00000001      01000013)
[    0.004309][    T0] ACPI: FACP 0x000000007FB79000 0000F4 (v03 BOCHS  BXPC     00000001 BXPC 00000001)
[    0.004313][    T0] ACPI: DSDT 0x000000007FB7A000 00223D (v01 BOCHS  BXPC     00000001 BXPC 00000001)
[    0.004314][    T0] ACPI: FACS 0x000000007FBDD000 000040
[    0.004316][    T0] ACPI: APIC 0x000000007FB78000 000090 (v03 BOCHS  BXPC     00000001 BXPC 00000001)
[    0.004317][    T0] ACPI: HPET 0x000000007FB77000 000038 (v01 BOCHS  BXPC     00000001 BXPC 00000001)
[    0.004319][    T0] ACPI: MCFG 0x000000007FB76000 00003C (v01 BOCHS  BXPC     00000001 BXPC 00000001)
[    0.004321][    T0] ACPI: WAET 0x000000007FB75000 000028 (v01 BOCHS  BXPC     00000001 BXPC 00000001)
[    0.004322][    T0] ACPI: BGRT 0x000000007FB74000 000038 (v01 INTEL  EDK2     00000002      01000013)
[    0.004324][    T0] ACPI: Reserving FACP table memory at [mem 0x7fb79000-0x7fb790f3]
[    0.004325][    T0] ACPI: Reserving DSDT table memory at [mem 0x7fb7a000-0x7fb7c23c]
[    0.004325][    T0] ACPI: Reserving FACS table memory at [mem 0x7fbdd000-0x7fbdd03f]
[    0.004326][    T0] ACPI: Reserving APIC table memory at [mem 0x7fb78000-0x7fb7808f]
[    0.004326][    T0] ACPI: Reserving HPET table memory at [mem 0x7fb77000-0x7fb77037]
[    0.004327][    T0] ACPI: Reserving MCFG table memory at [mem 0x7fb76000-0x7fb7603b]
[    0.004327][    T0] ACPI: Reserving WAET table memory at [mem 0x7fb75000-0x7fb75027]
[    0.004328][    T0] ACPI: Reserving BGRT table memory at [mem 0x7fb74000-0x7fb74037]
[    0.004509][    T0] No NUMA configuration found
[    0.004510][    T0] Faking a node at [mem 0x0000000000000000-0x000000027fffffff]
[    0.004517][    T0] NODE_DATA(0) allocated [mem 0x27ffd5280-0x27fffffff]
[    0.004857][    T0] Zone ranges:
[    0.004858][    T0]   DMA      [mem 0x0000000000001000-0x0000000000ffffff]
[    0.004860][    T0]   DMA32    [mem 0x0000000001000000-0x00000000ffffffff]
[    0.004861][    T0]   Normal   [mem 0x0000000100000000-0x000000027fffffff]
[    0.004862][    T0]   Device   empty
[    0.004862][    T0] Movable zone start for each node
[    0.004864][    T0] Early memory node ranges
[    0.004864][    T0]   node   0: [mem 0x0000000000001000-0x000000000009ffff]
[    0.004865][    T0]   node   0: [mem 0x0000000000100000-0x00000000007fffff]
[    0.004866][    T0]   node   0: [mem 0x0000000000808000-0x000000000080afff]
[    0.004866][    T0]   node   0: [mem 0x000000000080c000-0x0000000000810fff]
[    0.004866][    T0]   node   0: [mem 0x0000000000900000-0x000000007e8ebfff]
[    0.004867][    T0]   node   0: [mem 0x000000007ea00000-0x000000007ec58fff]
[    0.004868][    T0]   node   0: [mem 0x000000007ec5d000-0x000000007ec90fff]
[    0.004868][    T0]   node   0: [mem 0x000000007ec95000-0x000000007eca2fff]
[    0.004869][    T0]   node   0: [mem 0x000000007eca9000-0x000000007f1a8fff]
[    0.004869][    T0]   node   0: [mem 0x000000007f1ad000-0x000000007f8ecfff]
[    0.004870][    T0]   node   0: [mem 0x000000007fbff000-0x000000007fee1fff]
[    0.004870][    T0]   node   0: [mem 0x000000007fee8000-0x000000007ff3ffff]
[    0.004870][    T0]   node   0: [mem 0x0000000100000000-0x000000027fffffff]
[    0.004872][    T0] Initmem setup node 0 [mem 0x0000000000001000-0x000000027fffffff]
[    0.005110][    T0] On node 0, zone DMA: 1 pages in unavailable ranges
[    0.005118][    T0] On node 0, zone DMA: 96 pages in unavailable ranges
[    0.005119][    T0] On node 0, zone DMA: 8 pages in unavailable ranges
[    0.005120][    T0] On node 0, zone DMA: 1 pages in unavailable ranges
[    0.005129][    T0] On node 0, zone DMA: 239 pages in unavailable ranges
[    0.010709][    T0] On node 0, zone DMA32: 276 pages in unavailable ranges
[    0.010712][    T0] On node 0, zone DMA32: 4 pages in unavailable ranges
[    0.010713][    T0] On node 0, zone DMA32: 4 pages in unavailable ranges
[    0.010720][    T0] On node 0, zone DMA32: 6 pages in unavailable ranges
[    0.010729][    T0] On node 0, zone DMA32: 4 pages in unavailable ranges
[    0.010740][    T0] On node 0, zone DMA32: 786 pages in unavailable ranges
[    0.010741][    T0] On node 0, zone DMA32: 6 pages in unavailable ranges
[    0.011180][    T0] On node 0, zone Normal: 192 pages in unavailable ranges
[    0.011408][    T0] ACPI: PM-Timer IO Port: 0x608
[    0.011419][    T0] ACPI: LAPIC_NMI (acpi_id[0xff] dfl dfl lint[0x1])
[    0.011446][    T0] IOAPIC[0]: apic_id 0, version 17, address 0xfec00000, GSI 0-23
[    0.011448][    T0] ACPI: INT_SRC_OVR (bus 0 bus_irq 0 global_irq 2 dfl dfl)
[    0.011449][    T0] ACPI: INT_SRC_OVR (bus 0 bus_irq 5 global_irq 5 high level)
[    0.011450][    T0] ACPI: INT_SRC_OVR (bus 0 bus_irq 9 global_irq 9 high level)
[    0.011450][    T0] ACPI: INT_SRC_OVR (bus 0 bus_irq 10 global_irq 10 high level)
[    0.011451][    T0] ACPI: INT_SRC_OVR (bus 0 bus_irq 11 global_irq 11 high level)
[    0.011454][    T0] ACPI: Using ACPI (MADT) for SMP configuration information
[    0.011454][    T0] ACPI: HPET id: 0x8086a201 base: 0xfed00000
[    0.011476][    T0] TSC deadline timer available
[    0.011480][    T0] CPU topo: Max. logical packages:   1
[    0.011481][    T0] CPU topo: Max. logical dies:       1
[    0.011481][    T0] CPU topo: Max. dies per package:   1
[    0.011485][    T0] CPU topo: Max. threads per core:   1
[    0.011485][    T0] CPU topo: Num. cores per package:     4
[    0.011486][    T0] CPU topo: Num. threads per package:   4
[    0.011486][    T0] CPU topo: Allowing 4 present CPUs plus 0 hotplug CPUs
[    0.011503][    T0] kvm-guest: APIC: eoi() replaced with kvm_guest_apic_eoi_write()
[    0.011515][    T0] kvm-guest: KVM setup pv remote TLB flush
[    0.011518][    T0] kvm-guest: setup PV sched yield
[    0.011538][    T0] PM: hibernation: Registered nosave memory: [mem 0x00000000-0x00000fff]
[    0.011540][    T0] PM: hibernation: Registered nosave memory: [mem 0x000a0000-0x000fffff]
[    0.011541][    T0] PM: hibernation: Registered nosave memory: [mem 0x00800000-0x00807fff]
[    0.011542][    T0] PM: hibernation: Registered nosave memory: [mem 0x0080b000-0x0080bfff]
[    0.011544][    T0] PM: hibernation: Registered nosave memory: [mem 0x00811000-0x008fffff]
[    0.011545][    T0] PM: hibernation: Registered nosave memory: [mem 0x7d709000-0x7d711fff]
[    0.011546][    T0] PM: hibernation: Registered nosave memory: [mem 0x7e8ec000-0x7e9fffff]
[    0.011547][    T0] PM: hibernation: Registered nosave memory: [mem 0x7ec59000-0x7ec5cfff]
[    0.011549][    T0] PM: hibernation: Registered nosave memory: [mem 0x7ec91000-0x7ec94fff]
[    0.011550][    T0] PM: hibernation: Registered nosave memory: [mem 0x7eca3000-0x7eca8fff]
[    0.011551][    T0] PM: hibernation: Registered nosave memory: [mem 0x7f1a9000-0x7f1acfff]
[    0.011552][    T0] PM: hibernation: Registered nosave memory: [mem 0x7f8ed000-0x7fbfefff]
[    0.011554][    T0] PM: hibernation: Registered nosave memory: [mem 0x7fee2000-0x7fee7fff]
[    0.011555][    T0] PM: hibernation: Registered nosave memory: [mem 0x7ff40000-0xffffffff]
[    0.011556][    T0] [mem 0x80000000-0xdfffffff] available for PCI devices
[    0.011557][    T0] Booting paravirtualized kernel on KVM
[    0.011559][    T0] clocksource: refined-jiffies: mask: 0xffffffff max_cycles: 0xffffffff, max_idle_ns: 1910969940391419 ns
[    0.015552][    T0] setup_percpu: NR_CPUS:8192 nr_cpumask_bits:4 nr_cpu_ids:4 nr_node_ids:1
[    0.015883][    T0] percpu: Embedded 93 pages/cpu s258048 r8192 d114688 u524288
[    0.015923][    T0] kvm-guest: PV spinlocks enabled
[    0.015925][    T0] PV qspinlock hash table entries: 256 (order: 0, 4096 bytes, linear)
[    0.015927][    T0] Kernel command line: initrd=initrd cdroot root=live:CDLABEL=COS_LIVE rd.live.dir=/ rd.live.ram=1 rd.live.squashimg=rootfs.squashfs console=ttyS1 rd.cos.disable net.ifnames=1 harvester.install.mode=install harvester.install.device=/dev/vda harvester.install.automatic=true harvester.install.powerOff=true harvester.os.password=rancher harvester.scheme_version=1 harvester.install.persistentPartitionSize=150Gi harvester.install.skipchecks=true
[    0.016107][    T0] Unknown kernel command line parameters "cdroot", will be passed to user space.
[    0.017004][    T0] Dentry cache hash table entries: 1048576 (order: 11, 8388608 bytes, linear)
[    0.017411][    T0] Inode-cache hash table entries: 524288 (order: 10, 4194304 bytes, linear)
[    0.017443][    T0] Fallback order for Node 0: 0 
[    0.017446][    T0] Built 1 zonelists, mobility grouping on.  Total pages: 2095529
[    0.017447][    T0] Policy zone: Normal
[    0.017448][    T0] mem auto-init: stack:off, heap alloc:off, heap free:off
[    0.017452][    T0] software IO TLB: area num 4.
[    0.034526][    T0] SLUB: HWalign=64, Order=0-3, MinObjects=0, CPUs=4, Nodes=1
[    0.034554][    T0] ftrace: allocating 48547 entries in 190 pages
[    0.044289][    T0] ftrace: allocated 190 pages with 6 groups
[    0.044982][    T0] Dynamic Preempt: voluntary
[    0.045254][    T0] rcu: Preemptible hierarchical RCU implementation.
[    0.045254][    T0] rcu: 	RCU event tracing is enabled.
[    0.045255][    T0] rcu: 	RCU restricting CPUs from NR_CPUS=8192 to nr_cpu_ids=4.
[    0.045257][    T0] 	Trampoline variant of Tasks RCU enabled.
[    0.045257][    T0] 	Rude variant of Tasks RCU enabled.
[    0.045257][    T0] 	Tracing variant of Tasks RCU enabled.
[    0.045258][    T0] rcu: RCU calculated value of scheduler-enlistment delay is 100 jiffies.
[    0.045259][    T0] rcu: Adjusting geometry for rcu_fanout_leaf=16, nr_cpu_ids=4
[    0.045265][    T0] RCU Tasks: Setting shift to 2 and lim to 1 rcu_task_cb_adjust=1 rcu_task_cpu_ids=4.
[    0.045267][    T0] RCU Tasks Rude: Setting shift to 2 and lim to 1 rcu_task_cb_adjust=1 rcu_task_cpu_ids=4.
[    0.045268][    T0] RCU Tasks Trace: Setting shift to 2 and lim to 1 rcu_task_cb_adjust=1 rcu_task_cpu_ids=4.
[    0.049235][    T0] NR_IRQS: 524544, nr_irqs: 456, preallocated irqs: 16
[    0.049420][    T0] rcu: srcu_init: Setting srcu_struct sizes based on contention.
[    0.049486][    T0] Console: colour dummy device 80x25
[    0.049533][    T0] printk: console [ttyS1] enabled
[    0.260448][    T0] ACPI: Core revision 20240827
[    0.261177][    T0] clocksource: hpet: mask: 0xffffffff max_cycles: 0xffffffff, max_idle_ns: 19112604467 ns
[    0.262568][    T0] APIC: Switch to symmetric I/O mode setup
[    0.263446][    T0] x2apic enabled
[    0.264134][    T0] APIC: Switched APIC routing to: physical x2apic
[    0.264959][    T0] kvm-guest: APIC: send_IPI_mask() replaced with kvm_send_ipi_mask()
[    0.265988][    T0] kvm-guest: APIC: send_IPI_mask_allbutself() replaced with kvm_send_ipi_mask_allbutself()
[    0.267255][    T0] kvm-guest: setup PV IPIs
[    0.268626][    T0] ..TIMER: vector=0x30 apic1=0 pin1=2 apic2=-1 pin2=-1
[    0.269510][    T0] clocksource: tsc-early: mask: 0xffffffffffffffff max_cycles: 0x211749f51e2, max_idle_ns: 440795249748 ns
[    0.270968][    T0] Calibrating delay loop (skipped) preset value.. 4591.37 BogoMIPS (lpj=2295686)
[    0.272035][    T0] x86/cpu: User Mode Instruction Prevention (UMIP) activated
[    0.273037][    T0] Last level iTLB entries: 4KB 512, 2MB 255, 4MB 127
[    0.273967][    T0] Last level dTLB entries: 4KB 512, 2MB 255, 4MB 127, 1GB 0
[    0.274972][    T0] mitigations: Enabled attack vectors: user_kernel, user_user, guest_host, guest_guest, SMT mitigations: auto
[    0.275970][    T0] Speculative Store Bypass: Mitigation: Speculative Store Bypass disabled via prctl
[    0.276967][    T0] Speculative Return Stack Overflow: IBPB-extending microcode not applied!
[    0.277967][    T0] Speculative Return Stack Overflow: WARNING: See https://kernel.org/doc/html/latest/admin-guide/hw-vuln/srso.html for mitigation options.
[    0.277968][    T0] Transient Scheduler Attacks: Vulnerable: No microcode
[    0.278967][    T0] Spectre V2 : Mitigation: Retpolines
[    0.279967][    T0] Speculative Return Stack Overflow: Vulnerable: Safe RET, no microcode
[    0.280967][    T0] Spectre V1 : Mitigation: usercopy/swapgs barriers and __user pointer sanitization
[    0.281967][    T0] Spectre V2 : Spectre v2 / SpectreRSB: Filling RSB on context switch and VMEXIT
[    0.283967][    T0] Spectre V2 : Enabling Restricted Speculation for firmware calls
[    0.284946][    T0] Spectre V2 : mitigation: Enabling conditional Indirect Branch Prediction Barrier
[    0.284981][    T0] x86/fpu: Supporting XSAVE feature 0x001: 'x87 floating point registers'
[    0.285967][    T0] x86/fpu: Supporting XSAVE feature 0x002: 'SSE registers'
[    0.286967][    T0] x86/fpu: Supporting XSAVE feature 0x004: 'AVX registers'
[    0.287967][    T0] x86/fpu: Supporting XSAVE feature 0x200: 'Protection Keys User registers'
[    0.288967][    T0] x86/fpu: xstate_offset[2]:  576, xstate_sizes[2]:  256
[    0.289967][    T0] x86/fpu: xstate_offset[9]:  832, xstate_sizes[9]:    8
[    0.290967][    T0] x86/fpu: Enabled xstate features 0x207, context size is 840 bytes, using 'compacted' format.
[    0.311303][    T0] Freeing SMP alternatives memory: 40K
[    0.311969][    T0] pid_max: default: 32768 minimum: 301
[    0.318020][    T0] LSM: initializing lsm=lockdown,capability,landlock,yama,selinux,bpf,ima,evm
[    0.319066][    T0] landlock: Up and running.
[    0.319640][    T0] Yama: becoming mindful.
[    0.319976][    T0] SELinux:  Initializing.
[    0.321440][    T0] LSM support for eBPF active
[    0.322053][    T0] Mount-cache hash table entries: 16384 (order: 5, 131072 bytes, linear)
[    0.322974][    T0] Mountpoint-cache hash table entries: 16384 (order: 5, 131072 bytes, linear)
[    0.324284][    T1] smpboot: CPU0: AMD Ryzen 5 5560U with Radeon Graphics (family: 0x19, model: 0x50, stepping: 0x0)
[    0.325204][    T1] Performance Events: Fam17h+ core perfctr, AMD PMU driver.
[    0.325971][    T1] ... version:                0
[    0.326586][    T1] ... bit width:              48
[    0.326969][    T1] ... generic registers:      6
[    0.327591][    T1] ... value mask:             0000ffffffffffff
[    0.327969][    T1] ... max period:             00007fffffffffff
[    0.328754][    T1] ... fixed-purpose events:   0
[    0.328970][    T1] ... event mask:             000000000000003f
[    0.329868][    T1] signal: max sigframe size: 3376
[    0.330240][    T1] rcu: Hierarchical SRCU implementation.
[    0.330248][    T1] rcu: 	Max phase no-delay instances is 400.
[    0.331795][    T1] Timer migration: 1 hierarchy levels; 8 children per group; 1 crossnode level
[    0.335686][    T1] smp: Bringing up secondary CPUs ...
[    0.336102][    T1] smpboot: x86: Booting SMP configuration:
[    0.336106][    T1] .... node  #0, CPUs:      #1 #2 #3
[    0.338005][    T1] smp: Brought up 1 node, 4 CPUs
[    0.338009][    T1] smpboot: Total of 4 processors activated (18365.48 BogoMIPS)
[    0.347664][   T43] node 0 deferred pages initialised in 8ms
[    0.348520][    T1] Memory: 8010328K/8382116K available (16384K kernel code, 3071K rwdata, 13736K rodata, 4176K init, 6232K bss, 365576K reserved, 0K cma-reserved)
[    0.349017][    T1] devtmpfs: initialized
[    0.349038][    T1] x86/mm: Memory block size: 128MB
[    0.350080][    T1] ACPI: PM: Registering ACPI NVS region [mem 0x00800000-0x00807fff] (32768 bytes)
[    0.350084][    T1] ACPI: PM: Registering ACPI NVS region [mem 0x0080b000-0x0080bfff] (4096 bytes)
[    0.350085][    T1] ACPI: PM: Registering ACPI NVS region [mem 0x00811000-0x008fffff] (978944 bytes)
[    0.350101][    T1] ACPI: PM: Registering ACPI NVS region [mem 0x7fb7f000-0x7fbfefff] (524288 bytes)
[    0.350110][    T1] ACPI: PM: Registering ACPI NVS region [mem 0x7fee6000-0x7fee7fff] (8192 bytes)
[    0.350111][    T1] ACPI: PM: Registering ACPI NVS region [mem 0x7ff60000-0x7fffffff] (655360 bytes)
[    0.350180][    T1] clocksource: jiffies: mask: 0xffffffff max_cycles: 0xffffffff, max_idle_ns: 1911260446275000 ns
[    0.350184][    T1] futex hash table entries: 1024 (order: 4, 65536 bytes, linear)
[    0.350273][    T1] pinctrl core: initialized pinctrl subsystem
[    0.350541][    T1] PM: RTC time: 16:01:34, date: 2026-01-08
[    0.352071][    T1] NET: Registered PF_NETLINK/PF_ROUTE protocol family
[    0.352289][    T1] DMA: preallocated 1024 KiB GFP_KERNEL pool for atomic allocations
[    0.352293][    T1] DMA: preallocated 1024 KiB GFP_KERNEL|GFP_DMA pool for atomic allocations
[    0.352296][    T1] DMA: preallocated 1024 KiB GFP_KERNEL|GFP_DMA32 pool for atomic allocations
[    0.352305][    T1] audit: initializing netlink subsys (disabled)
[    0.352979][   T49] audit: type=2000 audit(1767888095.124:1): state=initialized audit_enabled=0 res=1
[    0.353279][    T1] thermal_sys: Registered thermal governor 'fair_share'
[    0.353280][    T1] thermal_sys: Registered thermal governor 'bang_bang'
[    0.353281][    T1] thermal_sys: Registered thermal governor 'step_wise'
[    0.353282][    T1] thermal_sys: Registered thermal governor 'user_space'
[    0.353969][    T1] cpuidle: using governor ladder
[    0.354969][    T1] cpuidle: using governor menu
[    0.357966][    T1] acpiphp: ACPI Hot Plug PCI Controller Driver version: 0.5
[    0.357966][    T1] PCI: ECAM [mem 0xe0000000-0xefffffff] (base 0xe0000000) for domain 0000 [bus 00-ff]
[    0.357966][    T1] PCI: Using configuration type 1 for base access
[    0.360016][    T1] kprobes: kprobe jump-optimization is enabled. All kprobes are optimized if possible.
[    0.360788][    T1] HugeTLB: registered 1.00 GiB page size, pre-allocated 0 pages
[    0.360790][    T1] HugeTLB: 16380 KiB vmemmap can be freed for a 1.00 GiB page
[    0.360791][    T1] HugeTLB: registered 2.00 MiB page size, pre-allocated 0 pages
[    0.360792][    T1] HugeTLB: 28 KiB vmemmap can be freed for a 2.00 MiB page
[    0.363979][    T1] ACPI: Added _OSI(Module Device)
[    0.363979][    T1] ACPI: Added _OSI(Processor Device)
[    0.363979][    T1] ACPI: Added _OSI(Processor Aggregator Device)
[    0.365902][    T1] ACPI: 1 ACPI AML tables successfully acquired and loaded
[    0.373291][    T1] ACPI: Interpreter enabled
[    0.373317][    T1] ACPI: PM: (supports S0 S3 S4 S5)
[    0.373319][    T1] ACPI: Using IOAPIC for interrupt routing
[    0.373511][    T1] PCI: Using host bridge windows from ACPI; if necessary, use "pci=nocrs" and report a bug
[    0.373512][    T1] PCI: Using E820 reservations for host bridge windows
[    0.373691][    T1] ACPI: Enabled 2 GPEs in block 00 to 3F
[    0.374978][    T1] ACPI: PCI Root Bridge [PCI0] (domain 0000 [bus 00-ff])
[    0.374984][    T1] acpi PNP0A08:00: _OSC: OS supports [ExtendedConfig ASPM ClockPM Segments MSI EDR HPX-Type3]
[    0.375061][    T1] acpi PNP0A08:00: _OSC: platform does not support [PCIeHotplug LTR DPC]
[    0.375184][    T1] acpi PNP0A08:00: _OSC: OS now controls [SHPCHotplug PME AER PCIeCapability]
[    0.375559][    T1] PCI host bridge to bus 0000:00
[    0.375564][    T1] pci_bus 0000:00: root bus resource [io  0x0000-0x0cf7 window]
[    0.375566][    T1] pci_bus 0000:00: root bus resource [io  0x0d00-0xffff window]
[    0.375567][    T1] pci_bus 0000:00: root bus resource [mem 0x000a0000-0x000bffff window]
[    0.375569][    T1] pci_bus 0000:00: root bus resource [mem 0x80000000-0xdfffffff window]
[    0.375570][    T1] pci_bus 0000:00: root bus resource [mem 0xf0000000-0xfebfffff window]
[    0.375571][    T1] pci_bus 0000:00: root bus resource [mem 0x380000000000-0x3807ffffffff window]
[    0.375573][    T1] pci_bus 0000:00: root bus resource [bus 00-ff]
[    0.375644][    T1] pci 0000:00:00.0: [8086:29c0] type 00 class 0x060000 conventional PCI endpoint
[    0.375966][    T1] pci 0000:00:01.0: [1234:1111] type 00 class 0x030000 conventional PCI endpoint
[    0.377505][    T1] pci 0000:00:01.0: BAR 0 [mem 0x80000000-0x80ffffff pref]
[    0.377966][    T1] pci 0000:00:01.0: BAR 2 [mem 0x81012000-0x81012fff]
[    0.377966][    T1] pci 0000:00:01.0: ROM [mem 0xffff0000-0xffffffff pref]
[    0.377966][    T1] pci 0000:00:01.0: Video device with shadowed ROM at [mem 0x000c0000-0x000dffff]
[    0.377966][    T1] pci 0000:00:02.0: [1af4:1001] type 00 class 0x010000 conventional PCI endpoint
[    0.377966][    T1] pci 0000:00:02.0: BAR 0 [io  0x6000-0x607f]
[    0.377970][    T1] pci 0000:00:02.0: BAR 1 [mem 0x81011000-0x81011fff]
[    0.378966][    T1] pci 0000:00:02.0: BAR 4 [mem 0x380000000000-0x380000003fff 64bit pref]
[    0.381966][    T1] pci 0000:00:1f.0: [8086:2918] type 00 class 0x060100 conventional PCI endpoint
[    0.383732][    T1] pci 0000:00:1f.0: quirk: [io  0x0600-0x067f] claimed by ICH6 ACPI/GPIO/TCO
[    0.383966][    T1] pci 0000:00:1f.2: [8086:2922] type 00 class 0x010601 conventional PCI endpoint
[    0.384966][    T1] pci 0000:00:1f.2: BAR 4 [io  0x60c0-0x60df]
[    0.384966][    T1] pci 0000:00:1f.2: BAR 5 [mem 0x81010000-0x81010fff]
[    0.385547][    T1] pci 0000:00:1f.3: [8086:2930] type 00 class 0x0c0500 conventional PCI endpoint
[    0.386461][    T1] pci 0000:00:1f.3: BAR 4 [io  0x6080-0x60bf]
[    0.386966][    T1] ACPI: PCI: Interrupt link LNKA configured for IRQ 10
[    0.387050][    T1] ACPI: PCI: Interrupt link LNKB configured for IRQ 10
[    0.387178][    T1] ACPI: PCI: Interrupt link LNKC configured for IRQ 11
[    0.387313][    T1] ACPI: PCI: Interrupt link LNKD configured for IRQ 11
[    0.387451][    T1] ACPI: PCI: Interrupt link LNKE configured for IRQ 10
[    0.387647][    T1] ACPI: PCI: Interrupt link LNKF configured for IRQ 10
[    0.387834][    T1] ACPI: PCI: Interrupt link LNKG configured for IRQ 11
[    0.387966][    T1] ACPI: PCI: Interrupt link LNKH configured for IRQ 11
[    0.387966][    T1] ACPI: PCI: Interrupt link GSIA configured for IRQ 16
[    0.387966][    T1] ACPI: PCI: Interrupt link GSIB configured for IRQ 17
[    0.387966][    T1] ACPI: PCI: Interrupt link GSIC configured for IRQ 18
[    0.387966][    T1] ACPI: PCI: Interrupt link GSID configured for IRQ 19
[    0.387966][    T1] ACPI: PCI: Interrupt link GSIE configured for IRQ 20
[    0.387966][    T1] ACPI: PCI: Interrupt link GSIF configured for IRQ 21
[    0.387966][    T1] ACPI: PCI: Interrupt link GSIG configured for IRQ 22
[    0.387966][    T1] ACPI: PCI: Interrupt link GSIH configured for IRQ 23
[    0.388294][    T1] iommu: Default domain type: Passthrough
[    0.388294][    T1] pps_core: LinuxPPS API ver. 1 registered
[    0.388294][    T1] pps_core: Software ver. 5.3.6 - Copyright 2005-2007 Rodolfo Giometti <giometti@linux.it>
[    0.388294][    T1] PTP clock support registered
[    0.388294][    T1] EDAC MC: Ver: 3.0.0
[    0.389009][    T1] efivars: Registered efivars operations
[    0.389201][    T1] NetLabel: Initializing
[    0.389202][    T1] NetLabel:  domain hash size = 128
[    0.389203][    T1] NetLabel:  protocols = UNLABELED CIPSOv4 CALIPSO
[    0.389222][    T1] NetLabel:  unlabeled traffic allowed by default
[    0.389226][    T1] mctp: management component transport protocol core
[    0.389228][    T1] NET: Registered PF_MCTP protocol family
[    0.389235][    T1] PCI: Using ACPI for IRQ routing
[    0.474994][    T1] pci 0000:00:01.0: vgaarb: setting as boot VGA device
[    0.474994][    T1] pci 0000:00:01.0: vgaarb: bridge control possible
[    0.474994][    T1] pci 0000:00:01.0: vgaarb: VGA device added: decodes=io+mem,owns=io+mem,locks=none
[    0.474994][    T1] vgaarb: loaded
[    0.475100][    T1] hpet0: at MMIO 0xfed00000, IRQs 2, 8, 0
[    0.475104][    T1] hpet0: 3 comparators, 64-bit 100.000000 MHz counter
[    0.476219][    T1] clocksource: Switched to clocksource kvm-clock
[    0.476564][    T1] VFS: Disk quotas dquot_6.6.0
[    0.476578][    T1] VFS: Dquot-cache hash table entries: 512 (order 0, 4096 bytes)
[    0.477449][    T1] pnp: PnP ACPI init
[    0.478754][    T1] system 00:06: [mem 0xe0000000-0xefffffff window] has been reserved
[    0.479160][    T1] pnp: PnP ACPI: found 7 devices
[    0.485799][    T1] clocksource: acpi_pm: mask: 0xffffff max_cycles: 0xffffff, max_idle_ns: 2085701024 ns
[    0.485863][    T1] NET: Registered PF_INET protocol family
[    0.486101][    T1] IP idents hash table entries: 131072 (order: 8, 1048576 bytes, linear)
[    0.496283][    T1] tcp_listen_portaddr_hash hash table entries: 4096 (order: 4, 65536 bytes, linear)
[    0.496295][    T1] Table-perturb hash table entries: 65536 (order: 6, 262144 bytes, linear)
[    0.496305][    T1] TCP established hash table entries: 65536 (order: 7, 524288 bytes, linear)
[    0.496346][    T1] TCP bind hash table entries: 65536 (order: 9, 2097152 bytes, linear)
[    0.496621][    T1] TCP: Hash tables configured (established 65536 bind 65536)
[    0.496686][    T1] MPTCP token hash table entries: 8192 (order: 6, 196608 bytes, linear)
[    0.496703][    T1] UDP hash table entries: 4096 (order: 5, 131072 bytes, linear)
[    0.496714][    T1] UDP-Lite hash table entries: 4096 (order: 5, 131072 bytes, linear)
[    0.496761][    T1] NET: Registered PF_UNIX/PF_LOCAL protocol family
[    0.496769][    T1] NET: Registered PF_XDP protocol family
[    0.496777][    T1] pci_bus 0000:00: resource 4 [io  0x0000-0x0cf7 window]
[    0.496780][    T1] pci_bus 0000:00: resource 5 [io  0x0d00-0xffff window]
[    0.496782][    T1] pci_bus 0000:00: resource 6 [mem 0x000a0000-0x000bffff window]
[    0.496783][    T1] pci_bus 0000:00: resource 7 [mem 0x80000000-0xdfffffff window]
[    0.496784][    T1] pci_bus 0000:00: resource 8 [mem 0xf0000000-0xfebfffff window]
[    0.496785][    T1] pci_bus 0000:00: resource 9 [mem 0x380000000000-0x3807ffffffff window]
[    0.496921][    T1] PCI: CLS 0 bytes, default 64
[    0.496998][    T1] PCI-DMA: Using software bounce buffering for IO (SWIOTLB)
[    0.496999][    T1] software IO TLB: mapped [mem 0x000000006a460000-0x000000006e460000] (64MB)
[    0.497075][   T45] Trying to unpack rootfs image as initramfs...
[    0.497123][    T1] clocksource: tsc: mask: 0xffffffffffffffff max_cycles: 0x211749f51e2, max_idle_ns: 440795249748 ns
[    0.497621][    T1] Initialise system trusted keyrings
[    0.497638][    T1] Key type blacklist registered
[    0.497733][    T1] workingset: timestamp_bits=36 max_order=21 bucket_order=0
[    0.497754][    T1] zbud: loaded
[    0.507858][    T1] integrity: Platform Keyring initialized
[    0.507863][    T1] integrity: Machine keyring initialized
[    0.507865][    T1] Allocating IMA blacklist keyring.
[    3.618079][   T45] Freeing initrd memory: 104244K
[    3.640307][    T1] Key type asymmetric registered
[    3.640315][    T1] Asymmetric key parser 'x509' registered
[    3.640347][    T1] Block layer SCSI generic (bsg) driver version 0.4 loaded (major 246)
[    3.640409][    T1] io scheduler mq-deadline registered
[    3.640410][    T1] io scheduler kyber registered
[    3.640428][    T1] io scheduler bfq registered
[    3.645337][    T1] ledtrig-cpu: registered to indicate activity on CPUs
[    3.645414][    T1] shpchp: Standard Hot Plug PCI Controller Driver version: 0.4
[    3.646980][    T1] ACPI: \_SB_.GSIG: Enabled at IRQ 22
[    3.648257][    T1] Serial: 8250/16550 driver, 32 ports, IRQ sharing enabled
[    3.649412][    T1] 00:03: ttyS1 at I/O 0x2f8 (irq = 3, base_baud = 115200) is a 16550A
[    3.650854][    T1] 00:04: ttyS0 at I/O 0x3f8 (irq = 4, base_baud = 115200) is a 16550A
[    3.653396][    T1] Non-volatile memory driver v1.3
[    3.653401][    T1] Linux agpgart interface v0.103
[    3.653522][    T1] ACPI: bus type drm_connector registered
[    3.654432][    T1] i8042: PNP: PS/2 Controller [PNP0303:KBD,PNP0f13:MOU] at 0x60,0x64 irq 1,12
[    3.655393][    T1] serio: i8042 KBD port at 0x60,0x64 irq 1
[    3.655402][    T1] serio: i8042 AUX port at 0x60,0x64 irq 12
[    3.655561][    T1] mousedev: PS/2 mouse device common for all mice
[    3.655664][    T1] rtc_cmos 00:05: RTC can wake from S4
[    3.656609][    T1] rtc_cmos 00:05: registered as rtc0
[    3.656800][   T35] input: AT Translated Set 2 keyboard as /devices/platform/i8042/serio0/input/input0
[    3.656827][    T1] rtc_cmos 00:05: setting system clock to 2026-01-08T16:01:38 UTC (1767888098)
[    3.656932][    T1] rtc_cmos 00:05: alarms up to one day, y3k, 242 bytes nvram
[    3.656943][    T1] amd_pstate: The CPPC feature is supported but currently disabled by the BIOS.
[    3.656943][    T1] Please enable it if your BIOS has the CPPC option.
[    3.656944][    T1] amd_pstate: the _CPC object is not present in SBIOS or ACPI disabled
[    3.657343][    T1] simple-framebuffer simple-framebuffer.0: [drm] Registered 1 planes with drm panic
[    3.657345][    T1] [drm] Initialized simpledrm 1.0.0 for simple-framebuffer.0 on minor 0
[    3.658663][    T1] fbcon: Deferring console take-over
[    3.658665][    T1] simple-framebuffer simple-framebuffer.0: [drm] fb0: simpledrmdrmfb frame buffer device
[    3.661223][   T35] input: VirtualPS/2 VMware VMMouse as /devices/platform/i8042/serio1/input/input3
[    3.661233][    T1] hid: raw HID events driver (C) Jiri Kosina
[    3.661293][    T1] drop_monitor: Initializing network drop monitor service
[    3.661416][    T1] NET: Registered PF_INET6 protocol family
[    3.661602][   T35] input: VirtualPS/2 VMware VMMouse as /devices/platform/i8042/serio1/input/input2
[    3.666936][    T1] Segment Routing with IPv6
[    3.666937][    T1] RPL Segment Routing with IPv6
[    3.666948][    T1] In-situ OAM (IOAM) with IPv6
[    3.668313][    T1] IPI shorthand broadcast: enabled
[    3.670155][    T1] sched_clock: Marking stable (3455001689, 214540226)->(3732442691, -62900776)
[    3.671046][    T1] registered taskstats version 1
[    3.672546][    T1] Loading compiled-in X.509 certificates
[    3.672586][    T1] Loaded X.509 cert 'SUSE Linux Products GmbH: ALP Secure Boot Signkey: 939dd72e1ee1ba7b2e5c14b8180da819d7822c79'
[    3.678501][    T1] Demotion targets for Node 0: null
[    3.678506][    T1] page_owner is disabled
[    3.678597][    T1] Key type .fscrypt registered
[    3.678598][    T1] Key type fscrypt-provisioning registered
[    3.696653][  T102] cryptd: max_cpu_qlen set to 1000
[    3.699814][  T102] AES CTR mode by8 optimization enabled
[    3.717143][    T1] Key type encrypted registered
[    3.717192][    T1] ima: No TPM chip found, activating TPM-bypass!
[    3.717196][    T1] Loading compiled-in module X.509 certificates
[    3.717220][    T1] Loaded X.509 cert 'SUSE Linux Products GmbH: ALP Secure Boot Signkey: 939dd72e1ee1ba7b2e5c14b8180da819d7822c79'
[    3.717222][    T1] ima: Allocated hash algorithm: sha256
[    3.717233][    T1] ima: No architecture policies found
[    3.717252][    T1] evm: Initialising EVM extended attributes:
[    3.717253][    T1] evm: security.selinux
[    3.717254][    T1] evm: security.SMACK64 (disabled)
[    3.717254][    T1] evm: security.SMACK64EXEC (disabled)
[    3.717255][    T1] evm: security.SMACK64TRANSMUTE (disabled)
[    3.717255][    T1] evm: security.SMACK64MMAP (disabled)
[    3.717256][    T1] evm: security.apparmor
[    3.717256][    T1] evm: security.ima
[    3.717257][    T1] evm: security.capability
[    3.717257][    T1] evm: HMAC attrs: 0x1
[    3.738230][    T1] Running certificate verification RSA selftest
[    3.746171][    T1] Loaded X.509 cert 'Certificate verification self-testing key: f58703bb33ce1b73ee02eccdee5b8817518fe3db'
[    3.749784][    T1] Running certificate verification ECDSA selftest
[    3.750820][    T1] Loaded X.509 cert 'Certificate verification ECDSA self-testing key: 2900bcea1deb7bc8479a84a23d758efdfdd2b2d3'
[    3.754558][    T1] PM:   Magic number: 10:228:34
[    3.754601][    T1] workqueue blkcg_punt_bio: hash matches
[    3.754607][    T1] memory memory70: hash matches
[    3.757994][    T1] RAS: Correctable Errors collector initialized.
[    3.768189][    T1] clk: Disabling unused clocks
[    3.768197][    T1] PM: genpd: Disabling unused power domains
[    3.771003][    T1] Freeing unused decrypted memory: 2028K
[    3.772134][    T1] Freeing unused kernel image (initmem) memory: 4176K
[    3.772154][    T1] Write protecting the kernel read-only data: 30720k
[    3.773756][    T1] Freeing unused kernel image (rodata/data gap) memory: 600K
[    3.819986][    T1] x86/mm: Checked W+X mappings: passed, no W+X pages found.
[    3.819998][    T1] Run /init as init process
[    3.833463][    T1] systemd[1]: Successfully made /usr/ read-only.
[!p]104[?7h[    3.834765][    T1] systemd[1]: systemd 257.7+suse.19.ga0dfd5de4c running in system mode (+PAM +AUDIT +SELINUX -APPARMOR +IMA +IPE -SMACK +SECCOMP +GCRYPT +GNUTLS +OPENSSL +ACL +BLKID +CURL +ELFUTILS +FIDO2 +IDN2 -IDN +IPTC +KMOD +LIBCRYPTSETUP +LIBCRYPTSETUP_PLUGINS +LIBFDISK +PCRE2 +PWQUALITY +P11KIT +QRENCODE +TPM2 +BZIP2 +LZ4 +XZ +ZLIB +ZSTD +BPF_FRAMEWORK -BTF -XKBCOMMON -UTMP +SYSVINIT +LIBARCHIVE)
[    3.834778][    T1] systemd[1]: Detected virtualization kvm.
[    3.834791][    T1] systemd[1]: Detected architecture x86-64.
[    3.834795][    T1] systemd[1]: Running in initrd.
[0;1;39mBooting initrd of [0m[0;32mSUSE Linux Enterprise Server 16.0 dracut-059+suse.700.g40f7c5c4-160000.1.1 (Initramfs)[0m[0;1;39m.[0m
[    3.841925][    T1] systemd[1]: No hostname configured, using default hostname.
[    3.841994][    T1] systemd[1]: Hostname set to <localhost>.
[    3.842082][    T1] systemd[1]: Initializing machine ID from random generator.
[    4.047260][    T1] systemd[1]: bpf-restrict-fs: LSM BPF program attached
[    4.076001][    T1] systemd[1]: Configuration file /usr/lib/systemd/system/elemental-setup-initramfs.service is marked executable. Please remove executable permission bits. Proceeding anyway.
[    4.082446][    T1] systemd[1]: Configuration file /usr/lib/systemd/system/elemental-setup-rootfs.service is marked executable. Please remove executable permission bits. Proceeding anyway.
[    4.082747][    T1] systemd[1]: Configuration file /usr/lib/systemd/system/elemental-immutable-rootfs.service is marked executable. Please remove executable permission bits. Proceeding anyway.
[    4.088078][    T1] systemd[1]: Queued start job for default target Initrd Default Target.
[    4.099356][    T1] systemd[1]: Created slice Slice /system/rdma-load-modules.
[[0;32m  OK  [0m] Created slice [0;1;39mSlice /system/rdma-load-modules[0m.
[    4.101321][    T1] systemd[1]: Started Dispatch Password Requests to Console Directory Watch.
[[0;32m  OK  [0m] Started [0;1;39mDispatch Password Requests to Console Directory Watch[0m.
[    4.103386][    T1] systemd[1]: Expecting device /dev/mapper/live-rw...
         Expecting device [0;1;39m/dev/mapper/live-rw[0m...
[    4.105026][    T1] systemd[1]: Reached target Local Encrypted Volumes.
[[0;32m  OK  [0m] Reached target [0;1;39mLocal Encrypted Volumes[0m.
[    4.106780][    T1] systemd[1]: Reached target Initrd Root Device.
[[0;32m  OK  [0m] Reached target [0;1;39mInitrd Root Device[0m.
[    4.108404][    T1] systemd[1]: Reached target Initrd /usr File System.
[[0;32m  OK  [0m] Reached target [0;1;39mInitrd /usr File System[0m.
[    4.110152][    T1] systemd[1]: Reached target Path Units.
[[0;32m  OK  [0m] Reached target [0;1;39mPath Units[0m.
[    4.111797][    T1] systemd[1]: Reached target Slice Units.
[[0;32m  OK  [0m] Reached target [0;1;39mSlice Units[0m.
[    4.113126][    T1] systemd[1]: Reached target Swaps.
[[0;32m  OK  [0m] Reached target [0;1;39mSwaps[0m.
[    4.114346][    T1] systemd[1]: Reached target Timer Units.
[[0;32m  OK  [0m] Reached target [0;1;39mTimer Units[0m.
[    4.115776][    T1] systemd[1]: Listening on D-Bus System Message Bus Socket.
[[0;32m  OK  [0m] Listening on [0;1;39mD-Bus System Message Bus Socket[0m.
[    4.117686][    T1] systemd[1]: Listening on Open-iSCSI iscsid Socket.
[[0;32m  OK  [0m] Listening on [0;1;39mOpen-iSCSI iscsid Socket[0m.
[    4.119454][    T1] systemd[1]: Listening on Journal Socket (/dev/log).
[[0;32m  OK  [0m] Listening on [0;1;39mJournal Socket (/dev/log)[0m.
[    4.121281][    T1] systemd[1]: Listening on Journal Sockets.
[[0;32m  OK  [0m] Listening on [0;1;39mJournal Sockets[0m.
[    4.122890][    T1] systemd[1]: Listening on udev Control Socket.
[[0;32m  OK  [0m] Listening on [0;1;39mudev Control Socket[0m.
[    4.124539][    T1] systemd[1]: Listening on udev Kernel Socket.
[[0;32m  OK  [0m] Listening on [0;1;39mudev Kernel Socket[0m.
[    4.126144][    T1] systemd[1]: Reached target Socket Units.
[[0;32m  OK  [0m] Reached target [0;1;39mSocket Units[0m.
[    4.128408][    T1] systemd[1]: Starting Create List of Static Device Nodes...
         Starting [0;1;39mCreate List of Static Device Nodes[0m...
[    4.130670][    T1] systemd[1]: Starting Device-Mapper Multipath Device Controller...
         Starting [0;1;39mDevice-Mapper Multipath Device Controller[0m...
[    4.140084][    T1] systemd[1]: Starting Load RDMA modules from /etc/rdma/modules/infiniband.conf...
         Starting [0;1;39mLoad RDMA modules from /etc/rdma/modules/infiniband.conf[0m...
[    4.143022][    T1] systemd[1]: Starting Load RDMA modules from /etc/rdma/modules/rdma.conf...
         Starting [0;1;39mLoad RDMA modules from /etc/rdma/modules/rdma.conf[0m...
[    4.147674][    T1] systemd[1]: Starting Load RDMA modules from /etc/rdma/modules/roce.conf...
         Starting [0;1;39mLoad RDMA modules from /etc/rdma/modules/roce.conf[0m...
[    4.155632][  T322] SCSI subsystem initialized
[    4.155669][    T1] systemd[1]: Starting Journal Service...
         Starting [0;1;39mJournal Service[0m...
[    4.161797][    T1] systemd[1]: Starting Load Kernel Modules...
         Starting [0;1;39mLoad Kernel Modules[0m...
[    4.165667][    T1] systemd[1]: Starting Virtual Console Setup...
         Starting [0;1;39mVirtual Console Setup[0m...
[    4.167882][  T324] alua: device handler registered
[    4.168020][    T1] systemd[1]: Finished Create List of Static Device Nodes.
[[0;32m  OK  [0m] Finished [0;1;39mCreate List of Static Device Nodes[0m.
[    4.170691][    T1] systemd[1]: Finished Load RDMA modules from /etc/rdma/modules/roce.conf.
[[0;32m  OK  [0m] Finished [0;1;39mLoad RDMA modules from /etc/rdma/modules/roce.conf[0m.
[    4.174199][  T322] rdac: device handler registered
[    4.175692][    T1] systemd[1]: Starting Create Static Device Nodes in /dev gracefully...
         Starting [0;1;39mCreate Static Device Nodes in /dev gracefully[0m...[    4.177483][  T326] systemd-journald[326]: Collecting audit messages is disabled.
[    4.178816][  T324] emc: device handler registered

[    4.191005][  T324] Loading iSCSI transport class v2.0-870.
[    4.192899][  T322] device-mapper: uevent: version 1.0.3
[    4.193585][  T322] device-mapper: ioctl: 4.49.0-ioctl (2025-01-17) initialised: dm-devel@lists.linux.dev
[[0;32m  OK  [[    4.201945][    T1] systemd[1]: Started Journal Service.
0m] Started [0;1;39mJournal Service[0m.
[    4.204193][  T327] NET: Registered PF_VSOCK protocol family
[[0;32m  OK  [0m] Finished [0;1;39mCreate Static Device Nodes in /dev gracefully[0m.[    4.209379][  T327] Guest personality initialized and is inactive

[    4.210179][  T327] VMCI host device registered (name=vmci, major=10, minor=261)
[    4.210188][  T327] Initialized host personality
         Starting [0;1;39mCreate System Users[0m...
[[0;32m  OK  [0m] Finished [0;1;39mLoad Kernel Modules[0m.
[    4.221524][  T324] iscsi: registered transport (iser)
         Starting [0;1;39mApply Kernel Variables[0m...
[[0;32m  OK  [0m] Finished [0;1;39mLoad RDMA modules from /etc/rdma/modules/infiniband.conf[0m.
[[0;32m  OK  [0m] Finished [0;1;39mVirtual Console Setup[0m.
         Starting [0;1;39mdracut cmdline hook[0m...
[[0;32m  OK  [0m] Finished [0;1;39mApply Kernel Variables[0m.
[[0;32m  OK  [0m] Started [0;1;39mDevice-Mapper Multipath Device Controller[0m.
[[0;32m  OK  [0m] Finished [0;1;39mCreate System Users[0m.
         Starting [0;1;39mCreate Static Device Nodes in /dev[0m...
         Starting [0;1;39mCreate System Files and Directories[0m...
[[0;32m  OK  [0m] Finished [0;1;39mCreate Static Device Nodes in /dev[0m.
[[0;32m  OK  [0m] Reached target [0;1;39mPreparation for Local File Systems[0m.
[[0;32m  OK  [0m] Reached target [0;1;39mLocal File Systems[0m.
[[0;32m  OK  [0m] Finished [0;1;39mCreate System Files and Directories[0m.
[    4.282498][  T324] RPC: Registered named UNIX socket transport module.
[    4.282508][  T324] RPC: Registered udp transport module.
[    4.282514][  T324] RPC: Registered tcp transport module.
[    4.282515][  T324] RPC: Registered tcp-with-tls transport module.
[    4.282516][  T324] RPC: Registered tcp NFSv4.1 backchannel transport module.
[    4.304468][  T324] RPC: Registered rdma transport module.
[    4.304478][  T324] RPC: Registered rdma backchannel transport module.
[[0;32m  OK  [0m] Finished [0;1;39mLoad RDMA modules from /etc/rdma/modules/rdma.conf[0m.
[[0;32m  OK  [0m] Reached target [0;1;39mPreparation for Network[0m.
[    4.316138][  T473] loop: module loaded
[    4.355046][  T525] iscsi: registered transport (tcp)
[    4.371700][  T526] iscsi: registered transport (qla4xxx)
[    4.371726][  T526] QLogic iSCSI HBA Driver
[    4.377261][  T526] libcxgbi:libcxgbi_init_module: Chelsio iSCSI driver library libcxgbi v0.9.1-ko (Apr. 2015)
[    4.411031][  T526] Chelsio T4-T6 iSCSI Driver cxgb4i v0.9.5-ko (Apr. 2015)
[    4.411070][  T526] iscsi: registered transport (cxgb4i)
[    4.411071][  T526] cxgb4i:cxgb4i_init_module: cxgb4i dcb enabled.
[    4.416930][  T526] cnic: QLogic cnicDriver v2.5.22 (July 20, 2015)
[    4.420665][  T526] QLogic NetXtreme II iSCSI Driver bnx2i v2.7.10.1 (Jul 16, 2014)
[    4.420695][  T526] iscsi: registered transport (bnx2i)
[    4.428250][  T526] iscsi: registered transport (be2iscsi)
[    4.428257][  T526] In beiscsi_module_init, tt=00000000e6494371
[[0;32m  OK  [0m] Finished [0;1;39mdracut cmdline hook[0m.
         Starting [0;1;39mdracut pre-udev hook[0m...
[[0;32m  OK  [0m] Finished [0;1;39mdracut pre-udev hook[0m.
         Starting [0;1;39mRule-based Manager for Device Events and Files[0m...
[[0;32m  OK  [0m] Started [0;1;39mRule-based Manager for Device Events and Files[0m.
[[0;32m  OK  [0m] Created slice [0;1;39mSlice /system/modprobe[0m.
         Starting [0;1;39mdracut pre-trigger hook[0m...
         Starting [0;1;39mLoad Kernel Module configfs[0m...
[[0;32m  OK  [0m] Finished [0;1;39mLoad Kernel Module configfs[0m.
[[0;32m  OK  [0m] Finished [0;1;39mdracut pre-trigger hook[0m.
         Starting [0;1;39mColdplug All udev Devices[0m...
         Starting [0;1;39mLoad Kernel Module configfs[0m...
[[0;32m  OK  [0m] Finished [0;1;39mColdplug All udev Devices[0m.
[[0;32m  OK  [0m] Finished [0;1;39mLoad Kernel Module configfs[0m.
[[0;32m  OK  [0m] Reached target [0;1;39mNetwork[0m.
         Starting [0;1;39mdracut initqueue hook[0m...
[    4.771582][  T757] virtio_blk virtio0: 4/0/0 default/read/poll queues
[    4.774936][  T757] virtio_blk virtio0: [vda] 524288000 512-byte logical blocks (268 GB/250 GiB)
[[0;32m  OK  [0m] Stopped [0;1;39mVirtual Console Setup[0m.
         Stopping [0;1;39mVirtual Console Setup[0m...
[    4.802862][  T803] Key type psk registered
[    4.805366][  T753] ACPI: \_SB_.GSIA: Enabled at IRQ 16
[    4.806328][  T753] ahci 0000:00:1f.2: AHCI vers 0001.0000, 32 command slots, 1.5 Gbps, SATA mode
[    4.806338][  T753] ahci 0000:00:1f.2: 6/6 ports implemented (port mask 0x3f)
[    4.806345][  T753] ahci 0000:00:1f.2: flags: 64bit ncq only 
[    4.808712][  T753] scsi host0: ahci
         Starting [0;1;39mVirtual Console Setup[0m...
[    4.811065][  T753] scsi host1: ahci
[    4.811235][  T753] scsi host2: ahci
[    4.811733][  T753] scsi host3: ahci
[    4.812705][  T753] scsi host4: ahci
[    4.813338][  T753] scsi host5: ahci
[    4.813468][  T753] ata1: SATA max UDMA/133 abar m4096@0x81010000 port 0x81010100 irq 29 lpm-pol 1
[    4.813476][  T753] ata2: SATA max UDMA/133 abar m4096@0x81010000 port 0x81010180 irq 29 lpm-pol 1
[    4.813491][  T753] ata3: SATA max UDMA/133 abar m4096@0x81010000 port 0x81010200 irq 29 lpm-pol 1
[    4.813512][  T753] ata4: SATA max UDMA/133 abar m4096@0x81010000 port 0x81010280 irq 29 lpm-pol 1
[    4.813523][  T753] ata5: SATA max UDMA/133 abar m4096@0x81010000 port 0x81010300 irq 29 lpm-pol 1
[    4.813534][  T753] ata6: SATA max UDMA/133 abar m4096@0x81010000 port 0x81010380 irq 29 lpm-pol 1
[[0;32m  OK  [0m] Finished [0;1;39mVirtual Console Setup[0m.
[    5.126648][  T820] ata6: SATA link down (SStatus 0 SControl 300)
[    5.127801][  T810] ata1: SATA link down (SStatus 0 SControl 300)
[    5.128307][  T812] ata2: SATA link down (SStatus 0 SControl 300)
[    5.128809][  T816] ata4: SATA link down (SStatus 0 SControl 300)
[    5.129296][  T814] ata3: SATA link up 1.5 Gbps (SStatus 113 SControl 300)
[    5.129513][  T814] ata3.00: LPM support broken, forcing max_power
[    5.129517][  T814] ata3.00: ATAPI: QEMU DVD-ROM, 2.5+, max UDMA/100
[    5.129522][  T814] ata3.00: applying bridge limits
[    5.130014][  T818] ata5: SATA link down (SStatus 0 SControl 300)
[    5.130353][  T814] ata3.00: LPM support broken, forcing max_power
[    5.130357][  T814] ata3.00: configured for UDMA/100
[    5.130870][  T134] scsi 2:0:0:0: CD-ROM            QEMU     QEMU DVD-ROM     2.5+ PQ: 0 ANSI: 5
[    5.150144][  T134] scsi 2:0:0:0: Attached scsi generic sg0 type 5
[    5.159211][  T738] sr 2:0:0:0: [sr0] scsi3-mmc drive: 4x/4x cd/rw xa/form2 tray
[    5.159221][  T738] cdrom: Uniform CD-ROM driver Revision: 3.20
         Mounting [0;1;39mKernel Configuration File System[0m...
[[0;32m  OK  [0m] Mounted [0;1;39mKernel Configuration File System[0m.
[[0;32m  OK  [0m] Reached target [0;1;39mSystem Initialization[0m.
[[0;32m  OK  [0m] Reached target [0;1;39mBasic System[0m.
[    5.342055][  T916] squashfs: version 4.0 (2009/01/31) Phillip Lougher
[    5.360421][  T865] Copying live image to RAM...
[    5.360446][  T865]  (this may take a minute)
[   12.281784][  T865] Done copying live image to RAM.
[   12.283740][  T932] loop0: detected capacity change from 0 to 2489088
[[0;32m  OK  [0m] Finished [0;1;39mdracut initqueue hook[0m.
[[0;32m  OK  [0m] Reached target [0;1;39mPreparation for Remote File Systems[0m.
[[0;32m  OK  [0m] Reached target [0;1;39mRemote Encrypted Volumes[0m.
[[0;32m  OK  [0m] Reached target [0;1;39mRemote File Systems[0m.
         Starting [0;1;39mdracut pre-mount hook[0m...
[[0;32m  OK  [0m] Finished [0;1;39mdracut pre-mount hook[0m.
         Mounting [0;1;39m/sysroot[0m...
[[0;32m  OK  [0m] Mounted [0;1;39m/sysroot[0m.
[[0;32m  OK  [0m] Reached target [0;1;39mInitrd Root File System[0m.
         Starting [0;1;39mElemental system early rootfs setup[0m...
         Starting [0;1;39mMountpoints Configured in the Real Root[0m...
         Stopping [0;1;39mDevice-Mapper Multipath Device Controller[0m...
[[0;32m  OK  [0m] Finished [0;1;39mMountpoints Configured in the Real Root[0m.
         Starting [0;1;39mdracut mount hook[0m...
[[0;32m  OK  [0m] Stopped [0;1;39mDevice-Mapper Multipath Device Controller[0m.
[[0;32m  OK  [0m] Finished [0;1;39mdracut mount hook[0m.
[[0;32m  OK  [0m] Finished [0;1;39mElemental system early rootfs setup[0m.
         Starting [0;1;39mElemental system immutable rootfs mounts[0m...
[[0;32m  OK  [0m] Finished [0;1;39mElemental system immutable rootfs mounts[0m.
[[0;32m  OK  [0m] Reached target [0;1;39mInitrd File Systems[0m.
         Starting [0;1;39mElemental system initramfs setup before switch root[0m...
[   12.815765][ T1111] evm: overlay not supported
[[0;32m  OK  [0m] Stopped [0;1;39mVirtual Console Setup[0m.
         Stopping [0;1;39mVirtual Console Setup[0m...
         Starting [0;1;39mVirtual Console Setup[0m...
[[0;32m  OK  [0m] Finished [0;1;39mVirtual Console Setup[0m.
[[0;32m  OK  [0m] Finished [0;1;39mElemental system initramfs setup before switch root[0m.
[[0;32m  OK  [0m] Reached target [0;1;39mInitrd Default Target[0m.
         Starting [0;1;39mdracut pre-pivot and cleanup hook[0m...
[[0;32m  OK  [0m] Finished [0;1;39mdracut pre-pivot and cleanup hook[0m.
         Starting [0;1;39mCleaning Up and Shutting Down Daemons[0m...
[[0;32m  OK  [0m] Stopped target [0;1;39mNetwork[0m.
[[0;32m  OK  [0m] Stopped target [0;1;39mPreparation for Network[0m.
[[0;32m  OK  [0m] Stopped target [0;1;39mRemote Encrypted Volumes[0m.
[[0;32m  OK  [0m] Stopped target [0;1;39mTimer Units[0m.
[[0;32m  OK  [0m] Closed [0;1;39mD-Bus System Message Bus Socket[0m.
[[0;32m  OK  [0m] Stopped [0;1;39mdracut pre-pivot and cleanup hook[0m.
[[0;32m  OK  [0m] Stopped target [0;1;39mInitrd Default Target[0m.
[[0;32m  OK  [0m] Stopped target [0;1;39mBasic System[0m.
[[0;32m  OK  [0m] Stopped target [0;1;39mInitrd Root Device[0m.
[[0;32m  OK  [0m] Stopped target [0;1;39mInitrd /usr File System[0m.
[[0;32m  OK  [0m] Stopped target [0;1;39mPath Units[0m.
[[0;32m  OK  [0m] Stopped target [0;1;39mRemote File Systems[0m.
[[0;32m  OK  [0m] Stopped target [0;1;39mPreparation for Remote File Systems[0m.
[[0;32m  OK  [0m] Stopped target [0;1;39mSlice Units[0m.
[[0;32m  OK  [0m] Stopped target [0;1;39mSocket Units[0m.
[[0;32m  OK  [0m] Stopped target [0;1;39mSystem Initialization[0m.
[[0;32m  OK  [0m] Stopped target [0;1;39mLocal File Systems[0m.
[[0;32m  OK  [0m] Stopped target [0;1;39mPreparation for Local File Systems[0m.
[[0;32m  OK  [0m] Stopped target [0;1;39mSwaps[0m.
[[0;32m  OK  [0m] Closed [0;1;39mOpen-iSCSI iscsid Socket[0m.
[[0;32m  OK  [0m] Stopped [0;1;39mdracut mount hook[0m.
[[0;32m  OK  [0m] Stopped [0;1;39mdracut pre-mount hook[0m.
[[0;32m  OK  [0m] Stopped target [0;1;39mLocal Encrypted Volumes[0m.
[[0;32m  OK  [0m] Stopped [0;1;39mDispatch Password Requests to Console Directory Watch[0m.
[[0;32m  OK  [0m] Stopped [0;1;39mdracut initqueue hook[0m.
[[0;32m  OK  [0m] Stopped [0;1;39mElemental system initramfs setup before switch root[0m.
[[0;32m  OK  [0m] Stopped [0;1;39mLoad RDMA modules from /etc/rdma/modules/infiniband.conf[0m.
[[0;32m  OK  [0m] Stopped [0;1;39mLoad RDMA modules from /etc/rdma/modules/rdma.conf[0m.
[[0;32m  OK  [0m] Stopped [0;1;39mLoad RDMA modules from /etc/rdma/modules/roce.conf[0m.
[[0;32m  OK  [0m] Stopped [0;1;39mApply Kernel Variables[0m.
[[0;32m  OK  [0m] Stopped [0;1;39mLoad Kernel Modules[0m.
[[0;32m  OK  [0m] Stopped [0;1;39mCreate System Files and Directories[0m.
[[0;32m  OK  [0m] Stopped [0;1;39mColdplug All udev Devices[0m.
[[0;32m  OK  [0m] Stopped [0;1;39mdracut pre-trigger hook[0m.
         Stopping [0;1;39mRule-based Manager for Device Events and Files[0m...
[[0;32m  OK  [0m] Stopped [0;1;39mVirtual Console Setup[0m.
[[0;32m  OK  [0m] Stopped [0;1;39mRule-based Manager for Device Events and Files[0m.
[[0;32m  OK  [0m] Closed [0;1;39mudev Control Socket[0m.
[[0;32m  OK  [0m] Closed [0;1;39mudev Kernel Socket[0m.
[[0;32m  OK  [0m] Stopped [0;1;39mdracut pre-udev hook[0m.
[[0;32m  OK  [0m] Stopped [0;1;39mdracut cmdline hook[0m.
         Starting [0;1;39mCleanup udev Database[0m...
[[0;32m  OK  [0m] Stopped [0;1;39mCreate Static Device Nodes in /dev[0m.
[[0;32m  OK  [0m] Stopped [0;1;39mCreate System Users[0m.
[[0;32m  OK  [0m] Stopped [0;1;39mCreate Static Device Nodes in /dev gracefully[0m.
[[0;32m  OK  [0m] Stopped [0;1;39mCreate List of Static Device Nodes[0m.
[[0;32m  OK  [0m] Finished [0;1;39mCleaning Up and Shutting Down Daemons[0m.
[[0;32m  OK  [0m] Finished [0;1;39mCleanup udev Database[0m.
[[0;32m  OK  [0m] Reached target [0;1;39mSwitch Root[0m.
         Starting [0;1;39mSwitch Root[0m...
[   13.552004][  T326] systemd-journald[326]: Received SIGTERM from PID 1 (systemd).
[   13.793395][    T1] SELinux:  policy capability network_peer_controls=1
[   13.793407][    T1] SELinux:  policy capability open_perms=1
[   13.793411][    T1] SELinux:  policy capability extended_socket_class=1
[   13.793413][    T1] SELinux:  policy capability always_check_network=0
[   13.793416][    T1] SELinux:  policy capability cgroup_seclabel=1
[   13.793418][    T1] SELinux:  policy capability nnp_nosuid_transition=1
[   13.793421][    T1] SELinux:  policy capability genfs_seclabel_symlinks=1
[   13.793423][    T1] SELinux:  policy capability ioctl_skip_cloexec=0
[   13.793426][    T1] SELinux:  policy capability userspace_initial_context=0
[   13.852069][   T49] audit: type=1403 audit(1767888108.694:2): auid=4294967295 ses=4294967295 lsm=selinux res=1
[   13.853639][    T1] systemd[1]: Successfully loaded SELinux policy in 247.285ms.
[   13.910596][   T49] audit: type=1400 audit(1767888108.753:3): avc:  denied  { module_load } for  pid=1 comm="systemd" path="/usr/lib/modules/6.12.0-160000.8-default/kernel/net/netfilter/x_tables.ko.zst" dev="overlay" ino=10320 scontext=system_u:system_r:kernel_t:s0 tcontext=system_u:object_r:container_file_t:s0:c1022,c1023 tclass=system permissive=1
[   13.933453][    T1] systemd[1]: Relabeled /dev/, /dev/shm/, /run/ in 11.308ms.
[!p]104[?7h[   13.939452][    T1] systemd[1]: systemd 257.7+suse.19.ga0dfd5de4c running in system mode (+PAM +AUDIT +SELINUX -APPARMOR +IMA +IPE -SMACK +SECCOMP +GCRYPT +GNUTLS +OPENSSL +ACL +BLKID +CURL +ELFUTILS +FIDO2 +IDN2 -IDN +IPTC +KMOD +LIBCRYPTSETUP +LIBCRYPTSETUP_PLUGINS +LIBFDISK +PCRE2 +PWQUALITY +P11KIT +QRENCODE +TPM2 +BZIP2 +LZ4 +XZ +ZLIB +ZSTD +BPF_FRAMEWORK -BTF -XKBCOMMON -UTMP +SYSVINIT +LIBARCHIVE)
[   13.939464][    T1] systemd[1]: Detected virtualization kvm.
[   13.939476][    T1] systemd[1]: Detected architecture x86-64.

[0;1;39mWelcome to [0m[0;32mHarvester 085eda28-dirty[0m[0;1;39m![0m

[   14.139577][    T1] systemd[1]: bpf-restrict-fs: LSM BPF program attached
[   14.222392][    T1] systemd[1]: Configuration file /usr/lib/systemd/system/elemental-setup-initramfs.service is marked executable. Please remove executable permission bits. Proceeding anyway.
[   14.251296][    T1] systemd[1]: Configuration file /usr/lib/systemd/system/elemental-setup-rootfs.service is marked executable. Please remove executable permission bits. Proceeding anyway.
[   14.270856][    T1] systemd[1]: Configuration file /usr/lib/systemd/system/elemental-setup-fs.service is marked executable. Please remove executable permission bits. Proceeding anyway.
[   14.322967][    T1] systemd[1]: initrd-switch-root.service: Deactivated successfully.
[   14.323085][    T1] systemd[1]: Stopped Switch Root.
[[0;32m  OK  [0m] Stopped [0;1;39mSwitch Root[0m.
[   14.326215][    T1] systemd[1]: systemd-journald.service: Scheduled restart job, restart counter is at 1.
[   14.326652][    T1] systemd[1]: Created slice Slice /system/getty.
[[0;32m  OK  [0m] Created slice [0;1;39mSlice /system/getty[0m.
[   14.329160][    T1] systemd[1]: Created slice Slice /system/serial-getty.
[[0;32m  OK  [0m] Created slice [0;1;39mSlice /system/serial-getty[0m.
[   14.330978][    T1] systemd[1]: Created slice User and Session Slice.
[[0;32m  OK  [0m] Created slice [0;1;39mUser and Session Slice[0m.
[   14.332626][    T1] systemd[1]: Started Dispatch Password Requests to Console Directory Watch.
[[0;32m  OK  [0m] Started [0;1;39mDispatch Password Requests to Console Directory Watch[0m.
[   14.334996][    T1] systemd[1]: Set up automount Arbitrary Executable File Formats File System Automount Point.
[[0;32m  OK  [0m] Set up automount [0;1;39mArbitrary Executa…ormats File System Automount Point[0m.
[   14.337269][    T1] systemd[1]: Expecting device /dev/ttyS1...
         Expecting device [0;1;39m/dev/ttyS1[0m...
[   14.338624][    T1] systemd[1]: Reached target Local Encrypted Volumes.
[[0;32m  OK  [0m] Reached target [0;1;39mLocal Encrypted Volumes[0m.
[   14.340293][    T1] systemd[1]: Stopped target Switch Root.
[[0;32m  OK  [0m] Stopped target [0;1;39mSwitch Root[0m.
[   14.341765][    T1] systemd[1]: Stopped target Initrd File Systems.
[[0;32m  OK  [0m] Stopped target [0;1;39mInitrd File Systems[0m.
[   14.343220][    T1] systemd[1]: Reached target Local Integrity Protected Volumes.
[[0;32m  OK  [0m] Reached target [0;1;39mLocal Integrity Protected Volumes[0m.
[   14.345055][    T1] systemd[1]: Reached target Slice Units.
[[0;32m  OK  [0m] Reached target [0;1;39mSlice Units[0m.
[   14.346401][    T1] systemd[1]: Reached target Swaps.
[[0;32m  OK  [0m] Reached target [0;1;39mSwaps[0m.
[   14.347646][    T1] systemd[1]: Reached target Local Verity Protected Volumes.
[[0;32m  OK  [0m] Reached target [0;1;39mLocal Verity Protected Volumes[0m.
[   14.349714][    T1] systemd[1]: Listening on Device-mapper event daemon FIFOs.
[[0;32m  OK  [0m] Listening on [0;1;39mDevice-mapper event daemon FIFOs[0m.
[   14.352698][    T1] systemd[1]: Listening on LVM2 poll daemon socket.
[[0;32m  OK  [0m] Listening on [0;1;39mLVM2 poll daemon socket[0m.
[   14.355578][    T1] systemd[1]: Listening on Process Core Dump Socket.
[[0;32m  OK  [0m] Listening on [0;1;39mProcess Core Dump Socket[0m.
[   14.358043][    T1] systemd[1]: Listening on Credential Encryption/Decryption.
[[0;32m  OK  [0m] Listening on [0;1;39mCredential Encryption/Decryption[0m.
[   14.360414][    T1] systemd[1]: Listening on udev Control Socket.
[[0;32m  OK  [0m] Listening on [0;1;39mudev Control Socket[0m.
[   14.362013][    T1] systemd[1]: Listening on udev Kernel Socket.
[[0;32m  OK  [0m] Listening on [0;1;39mudev Kernel Socket[0m.
[   14.367525][    T1] systemd[1]: Mounting Huge Pages File System...
         Mounting [0;1;39mHuge Pages File System[0m...
[   14.369892][    T1] systemd[1]: Mounting POSIX Message Queue File System...
         Mounting [0;1;39mPOSIX Message Queue File System[0m...
[   14.395363][    T1] systemd[1]: Mounting Kernel Debug File System...
         Mounting [0;1;39mKernel Debug File System[0m...
[   14.398839][    T1] systemd[1]: Mounting Kernel Trace File System...
         Mounting [0;1;39mKernel Trace File System[0m...
[   14.402346][    T1] systemd[1]: Mounting Temporary Directory /tmp...
         Mounting [0;1;39mTemporary Directory /tmp[0m...
[   14.405777][    T1] systemd[1]: elemental-immutable-rootfs.service: Deactivated successfully.
[   14.405869][    T1] systemd[1]: Stopped elemental-immutable-rootfs.service.
[[0;32m  OK  [0m] Stopped [0;1;39melemental-immutable-rootfs.service[0m.
[[0;32m  OK  [0m] Stopped [0;1;39mElemental system early rootfs setup[0m.
[[   14.408459][    T1] systemd[1]: elemental-setup-rootfs.service: Deactivated successfully.
[0;32m  OK  [0[   14.408531][    T1] systemd[1]: Stopped Elemental system early rootfs setup.
m] Stopped targe[   14.408871][    T1] systemd[1]: Stopped target Initrd Root File System.
t [0;1;39mInitr[   14.410701][    T1] systemd[1]: Starting Create List of Static Device Nodes...
d Root File System[0m.
         Starting [0;1;39mCreate List[   14.414805][    T1] systemd[1]: Starting Load Kernel Module configfs...
 of Static Device Nodes[0m...
         Starting [0;1;39mLoad Kernel Module configfs[0m...
[   14.416684][    T1] systemd[1]: Starting Load Kernel Module dm_mod...
         Starting [0;1;39mLoad Kernel Module dm_mod[0m...
[   14.420693][    T1] systemd[1]: Starting Load Kernel Module drm...
         Starting [0;1;39mLoad Kernel Module drm[0m...
[   14.423097][    T1] systemd[1]: Starting Load Kernel Module efi_pstore...
         Starting [0;1;39mLoad Kernel Module efi_pstore[0m...
[   14.426268][    T1] systemd[1]: Starting Load Kernel Module fuse...
         Starting [0;1;39mLoad Kernel Module fuse[0m...
[   14.429238][    T1] systemd[1]: Starting Load Kernel Module loop...
         Starting [0;1;39mLoad Kernel Module loop[0m...
[   14.431727][    T1] systemd[1]: Starting Load Kernel Module nvme_fabrics...
         Starting [0;1;39mLoad Kernel Module nvme_fabrics[0m...
[   14.433514][    T1] systemd[1]: Clear Stale Hibernate Storage Info was skipped because of an unmet condition check (ConditionPathExists=/sys/firmware/efi/efivars/HibernateLocation-8cf2644b-4b0b-428f-9387-6d876050dc67).
[   14.436917][    T1] systemd[1]: Starting Journal Service...
         Starting [0;1;39mJournal Service[0m...
[   14.440589][    T1] systemd[1]: Starting Load Kernel Modules...
         Starting [0;1;39mLoad Kernel Modules[0m...
[   14.444748][    T1] systemd[1]: Starting Remount Root and Kernel File Systems...
         Starting [0;1;39mRemount Root and Kernel File Systems[0m...
[   14.448318][ T1328] fuse: init (API version 7.41)
[   14.450663][    T1] systemd[1]: Starting Load udev Rules from Credentials...
         Starting [0;1;39mLoad udev Rules from Credentials[0m...
[   14.455288][    T1] systemd[1]: Starting Coldplug All udev Devices...
         Starting [0;1;39mColdplug All udev Devices[0m...
[   14.458724][    T1] systemd[1]: Mounted Huge Pages File System.
[[0;32m  OK  [0m] Mounted [0;1;39mHuge Pages File System[0m.
[   14.460415][    T1] systemd[1]: Mounted POSIX Message Queue File System.
[[0;32m  OK  [0m] Mounted [0;1;39mPOSIX Message Queue File System[0m.
[[0;32m  OK  [0m] Mounted [0;1;39mKernel Debug File System[0m.
[[0;32m  OK  [0m] Mounted [0;1;39mKernel Trace File System[0m.
[[0;32m  OK  [0m] Mounted [0;1;39mTemporary Directory /tmp[0m.
[[0;32m  OK  [0m] Finished [0;1;39mCreate Lis[   14.462326][    T1] systemd[1]: Mounted Kernel Debug File System.
t of Static Devi[   14.463334][    T1] systemd[1]: Mounted Kernel Trace File System.
ce Nodes[0m.[   14.464343][    T1] systemd[1]: Mounted Temporary Directory /tmp.
[   14.465434][    T1] systemd[1]: Finished Create List of Static Device Nodes.

[   14.469626][    T1] systemd[1]: modprobe@configfs.service: Deactivated successfully.
[   14.469752][    T1] systemd[1]: Finished Load Kernel Module configfs.
[[0;32m  OK  [0m] Finished [0;1;39mLoad Kernel Module configfs[0m.
[   14.472551][    T1] systemd[1]: modprobe@dm_mod.service: Deactivated successfully.
[   14.472685][    T1] systemd[1]: Finished Load Kernel Module dm_mod.
[[0;32m  OK  [0m] Finished [0;1;39mLoad Kernel Module dm_mod[0m.
[   14.476056][    T1] systemd[1]: modprobe@drm.service: Deactivated successfully.
[[0;32m  OK  [0m] Finished [0;1;39mLoad Kernel Module drm[0m.
[[0;32m  OK  [0m] Finished [0[   14.476182][    T1] systemd[1]: Finished Load Kernel Module drm.
[   14.478081][    T1] systemd[1]: modprobe@efi_pstore.service: Deactivated successfully.
;1;39mLoad Kerne[   14.478193][    T1] systemd[1]: Finished Load Kernel Module efi_pstore.
l Module efi_pstore[0m.
[   14.481890][    T1] systemd[1]: modprobe@fuse.service: Deactivated successfully.
[   14.482022][    T1] systemd[1]: Finished Load Kernel Module fuse.
[[0;32m  OK  [0m] Finished [0;1;39mLoad Kernel Module fuse[0m.
[   14.484735][    T1] systemd[1]: modprobe@loop.service: Deactivated successfully.
[   14.484853][    T1] systemd[1]: Finished Load Kernel Module loop.
[[0;32m  OK  [0m] Finished [0;1;39mLoad Kernel Module loop[0[   14.486946][ T1331] systemd-journald[1331]: Collecting audit messages is disabled.
m.
[   14.488599][    T1] systemd[1]: modprobe@nvme_fabrics.service: Deactivated successfully.
[   14.488727][    T1] systemd[1]: Finished Load Kernel Module nvme_fabrics.
[[0;32m  OK  [0m] Finished [0;1;39mLoad Kernel Module nvme_fabrics[0m.
[   14.492032][    T1] systemd[1]: Finished Load Kernel Modules.
[[0;32m  OK  [0m] Finished [0;1;39mLoad Kernel Modules[0m.
[   14.494044][    T1] systemd[1]: Started Journal Service.
[[0;32m  OK  [0m] Started [0;1;39mJournal Service[0m.
[[0;32m  OK  [0m] Finished [0;1;39mRemount Root and Kernel File Systems[0m.
[[0;32m  OK  [0m] Finished [0;1;39mLoad udev Rules from Credentials[0m.
         Mounting [0;1;39mFUSE Control File System[0m...
         Starting [0;1;39mApply Kernel Variables for 6.12.0-160000.8-default[0m...
         Starting [0;1;39mRebuild Hardware Database[0m...
         Starting [0;1;39mFlush Journal to Persistent Storage[0m...
         Starting [0;1;39mLoad/Save OS Random Seed[0m...
         Starting [0;1;39mCreate Static Device Nodes in /dev gracefully[0m...
[[0;32m  OK  [0m] Mounted [0;1;39mFUSE Control File System[0m.
[[0;32m  OK  [0m] Finished [0;1;39mApply Kernel Variables for 6.12.0-160000.8-default[0m.
         Starting [0;1;39mApply Kernel Variables[0m...
[   14.585617][ T1331] systemd-journald[1331]: Received client request to flush runtime journal.
[[0;32m  OK  [0m] Finished [0;1;39mLoad/Save OS Random Seed[0m.
[[0;32m  OK  [0m] Finished [0;1;39mFlush Journal to Persistent Storage[0m.
[[0;32m  OK  [0m] Finished [0;1;39mColdplug All udev Devices[0m.
[[0;32m  OK  [0m] Finished [0;1;39mApply Kernel Variables[0m.
[[0;32m  OK  [0m] Finished [0;1;39mCreate Static Device Nodes in /dev gracefully[0m.
         Starting [0;1;39mCreate System Users[0m...
[[0;32m  OK  [0m] Finished [0;1;39mCreate System Users[0m.
         Starting [0;1;39mNetwork Time Synchronization[0m...
         Starting [0;1;39mCreate Static Device Nodes in /dev[0m...
[[0;32m  OK  [0m] Finished [0;1;39mCreate Static Device Nodes in /dev[0m.
[[0;32m  OK  [0m] Started [0;1;39mNetwork Time Synchronization[0m.
[[0;32m  OK  [0m] Reached target [0;1;39mSystem Time Set[0m.
[[0;32m  OK  [0m] Finished [0;1;39mRebuild Hardware Database[0m.
         Starting [0;1;39mRule-based Manager for Device Events and Files[0m...
[[0;32m  OK  [0m] Started [0;1;39mRule-based Manager for Device Events and Files[0m.
[[0;32m  OK  [0m] Reached target [0;1;39mPreparation for Local File Systems[0m.
[[0;32m  OK  [0m] Reached target [0;1;39mLocal File Systems[0m.
[[0;32m  OK  [0m] Listening on [0;1;39mBoot Entries Service Socket[0m.
[[0;32m  OK  [0m] Listening on [0;1;39mSystem Extension Image Management[0m.
         Starting [0;1;39mElemental system after FS setup[0m...
         Starting [0;1;39mCreate System Files and Directories[0m...
         Starting [0;1;39mLoad Kernel Module configfs[0m...
[[0;32m  OK  [0m] Finished [0;1;39mElemental system after FS setup[0m.
[[0;32m  OK  [0m] Finished [0;1;39mLoad Kernel Module configfs[0m.
[   15.334888][ T1393] input: Power Button as /devices/LNXSYSTM:00/LNXPWRBN:00/input/input4
[   15.341699][ T1393] ACPI: button: Power Button [PWRF]
[   15.347414][ T1399] lpc_ich 0000:00:1f.0: I/O space for GPIO uninitialized
[   15.358249][ T1388] input: PC Speaker as /devices/platform/pcspkr/input/input5
[   15.361400][ T1387] parport_pc 00:02: reported by Plug and Play ACPI
[   15.361795][ T1387] parport0: PC-style at 0x378, irq 7 [PCSPP,TRISTATE]
[   15.422282][ T1413] iTCO_vendor_support: vendor-support=0
[[0;32m  OK  [0m] Finished [0;1;39mCreate System Files and Directories[0m.
[   15.435210][   T46] i801_smbus 0000:00:1f.3: Enabling SMBus device
[   15.435280][   T46] i801_smbus 0000:00:1f.3: SMBus using PCI interrupt
[   15.435409][   T46] i2c i2c-0: Memory type 0x07 not supported yet, not instantiating SPD
[   15.439483][ T1413] iTCO_wdt iTCO_wdt.1.auto: Found a ICH9 TCO device (Version=2, TCOBASE=0x0660)
[   15.440781][ T1413] iTCO_wdt iTCO_wdt.1.auto: initialized. heartbeat=30 sec (nowayout=0)
         Starting [0;1;39mLoad Audit Rules[0m...
         Starting [0;1;39mRebuild Journal Catalog[0m...
         Starting [0;1;39mVirtual Console Setup[0m...
[   15.458178][ T1428] bochs-drm 0000:00:01.0: vgaarb: deactivate vga console
[   15.459223][ T1428] [drm] Found bochs VGA, ID 0xb0c5.
[   15.459229][ T1428] [drm] Framebuffer size 16384 kB @ 0x80000000, mmio @ 0x81012000.
[   15.462469][ T1430] kvm_amd: TSC scaling supported
[   15.462479][ T1430] kvm_amd: Nested Virtualization enabled
[   15.462485][ T1430] kvm_amd: Nested Paging enabled
[   15.462491][ T1430] kvm_amd: LBR virtualization supported
[   15.462492][ T1430] kvm_amd: Virtual VMLOAD VMSAVE supported
[   15.462493][ T1430] kvm_amd: Virtual GIF supported
[   15.466129][ T1428] [drm] Found EDID data blob.
[   15.469180][ T1428] [drm] Initialized bochs-drm 1.0.0 for 0000:00:01.0 on minor 0
[   15.469954][ T1428] fbcon: bochs-drmdrmfb (fb0) is primary device
[   15.469957][ T1428] fbcon: Deferring console take-over
[   15.469959][ T1428] bochs-drm 0000:00:01.0: [drm] fb0: bochs-drmdrmfb frame buffer device
[   15.479551][ T1384] ppdev: user-space parallel port driver
[[0;32m  OK  [0m] Finished [0;1;39mRebuild Journal Catalog[0m.
         Starting [0;1;39mUpdate is Completed[0m...
[[0;32m  OK  [0m] Finished [0;1;39mUpdate is Completed[0m.
[[0;32m  OK  [0m] Finished [0;1;39mLoad Audit Rules[0m.
[[0;32m  OK  [0m] Finished [0;1;39mVirtual Console Setup[0m.
[[0;32m  OK  [0m] Reached target [0;1;39mSystem Initialization[0m.
[[0;32m  OK  [0m] Started [0;1;39mWatch /etc/sysconfig/btrfsmaintenance[0m.
[[0;32m  OK  [0m] Started [0;1;39mWatch for changes in CA certificates[0m.
[[0;32m  OK  [0m] Started [0;1;39mWatch for changes in issue snippets[0m.
[[0;32m  OK  [0m] Started [0;1;39mWatch for changes in smartmontools sysconfig file[0m.
[[0;32m  OK  [0m] Started [0;1;39mBalance block groups on a btrfs filesystem[0m.
[[0;32m  OK  [0m] Started [0;1;39mDefragment file data and/or directory metadata[0m.
[[0;32m  OK  [0m] Started [0;1;39mScrub btrfs filesystem, verify block checksums[0m.
[[0;32m  OK  [0m] Started [0;1;39mDiscard unused blocks on a mounted filesystem[0m.
[[0;32m  OK  [0m] Started [0;1;39mElemental setup reconciler[0m.
[[0;32m  OK  [0m] Started [0;1;39mDiscard unused filesystem blocks once a week[0m.
[[0;32m  OK  [0m] Started [0;1;39mDaily rotation of log files[0m.
[[0;32m  OK  [0m] Started [0;1;39mDaily Cleanup of Snapper Snapshots[0m.
[[0;32m  OK  [0m] Started [0;1;39mTimeline of Snapper Snapshots[0m.
[[0;32m  OK  [0m] Started [0;1;39mDaily Cleanup of Temporary Directories[0m.
[[0;32m  OK  [0m] Reached target [0;1;39mPath Units[0m.
[[0;32m  OK  [0m] Reached target [0;1;39mTimer Units[0m.
[[0;32m  OK  [0m] Listening on [0;1;39mD-Bus System Message Bus Socket[0m.
[[0;32m  OK  [0m] Listening on [0;1;39mOpen-iSCSI iscsid Socket[0m.
[[0;32m  OK  [0m] Listening on [0;1;39mHostname Service Socket[0m.
[[0;32m  OK  [0m] Reached target [0;1;39mSocket Units[0m.
         Starting [0;1;39mD-Bus System Message Bus[0m...
[[0;32m  OK  [0m] Started [0;1;39mD-Bus System Message Bus[0m.
[[0;32m  OK  [0m] Reached target [0;1;39mBasic System[0m.
         Starting [0;1;39mRestore /run/initramfs on shutdown[0m...
         Starting [0;1;39mElemental system configuration[0m...
         Starting [0;1;39mGenerate issue file for login session[0m...
         Starting [0;1;39mApply settings from /etc/sysconfig/keyboard[0m...
         Starting [0;1;39mMonitoring of LVM2 mirror…ing dmeventd or progress polling[0m...
         Starting [0;1;39mCleanup system data after soft-reboot[0m...
         Starting [0;1;39mUser Login Management[0m...
         Starting [0;1;39mElemental setup reconciler[0m...
[[0;32m  OK  [0m] Finished [0;1;39mRestore /run/initramfs on shutdown[0m.
         Starting [0;1;39mLoad Kernel Module drm[0m...
[[0;32m  OK  [0m] Finished [0;1;39mGenerate issue file for login session[0m.
[[0;32m  OK  [0m] Finished [0;1;39mLoad Kernel Module drm[0m.
[[0;32m  OK  [0m] Started [0;1;39mUser Login Management[0m.
[[0;32m  OK  [0m] Finished [0;1;39mApply settings from /etc/sysconfig/keyboard[0m.
[[0;32m  OK  [0m] Finished [0;1;39mCleanup system data after soft-reboot[0m.
[[0;32m  OK  [0m] Reached target [0;1;39mPreparation for Network[0m.
         Starting [0;1;39mNetwork Manager[0m...
[[0;32m  OK  [0m] Finished [0;1;39mElemental setup reconciler[0m.
[[0;32m  OK  [0m] Finished [0;1;39mMonitoring of LVM2 mirror…using dmeventd or progress polling[0m.
         Starting [0;1;39mHostname Service[0m...
[[0;32m  OK  [0m] Started [0;1;39mHostname Service[0m.
[[0;32m  OK  [0m] Listening on [0;1;39mLoad/Save RF Kill Switch Status /dev/rfkill Watch[0m.
[[0;32m  OK  [0m] Started [0;1;39mNetwork Manager[0m.
[[0;32m  OK  [0m] Reached target [0;1;39mNetwork[0m.
         Starting [0;1;39mNetwork Manager Script Dispatcher Service[0m...
         Starting [0;1;39mNetwork Manager Wait Online[0m...
         Starting [0;1;39mOpenSSH Daemon[0m...
[[0;32m  OK  [0m] Started [0;1;39mNetwork Manager Script Dispatcher Service[0m.
[[0;32m  OK  [0m] Finished [0;1;39mNetwork Manager Wait Online[0m.
[[0;32m  OK  [0m] Reached target [0;1;39mNetwork is Online[0m.
         Starting [0;1;39mLogin and scanning of iSCSI devices[0m...
         Starting [0;1;39mElemental setup after network[0m...
[[0;32m  OK  [0m] Finished [0;1;39mElemental setup after network[0m.
[[0;32m  OK  [0m] Finished [0;1;39mLogin and scanning of iSCSI devices[0m.
[[0;32m  OK  [0m] Reached target [0;1;39mRemote File Systems[0m.
         Starting [0;1;39mPermit User Sessions[0m...
[[0;32m  OK  [0m] Finished [0;1;39mPermit User Sessions[0m.
[[0;32m  OK  [0m] Started [0;1;39mGetty on tty1[0m.
[[0;32m  OK  [0m] Started [0;1;39mSerial Getty on ttyS1[0m.
[[0;32m  OK  [0m] Finished [0;1;39mElemental system configuration[0m.
[[0;32m  OK  [0m] Reached target [0;1;39mLogin Prompts[0m.
[[0;32m  OK  [0m] Started [0;1;39mOpenSSH Daemon[0m.
[[0;32m  OK  [0m] Reached target [0;1;39mMulti-User System[0m.
[[0;32m  OK  [0m] Reached target [0;1;39mGraphical Interface[0m.
[!p]104[?7h[6n[32766;32766H[6n[!p]104[?7h[6n[32766;32766H[6n[   17.099889][ T1652] fbcon: Taking over console
setterm: termina[   17.513391][   T35] Console: switching to colour frame buffer device 160x50
[!p]104[?7h[6n[32766;32766H[6n[!p]104[?7h[6n[32766;32766H[6n[!p]104[?7h[6n[32766;32766H[6n[!p]104[?7h[6n[32766;32766H[6n

Welcome to SUSE Linux Micro 6.2 (x86_64) - Kernel 6.12.0-160000.8-default (ttyS1).




Welcome to SUSE Linux Micro 6.2 (x86_64) - Kernel 6.12.0-160000.8-default (ttyS1).




